
=== [build] Scraping & Verification ===
Starting Vakyume pipeline for project 'projects/VacuumTheory'...
Targeted repair mode: focus on FluidFlowVacuumLines_eqn_2_17a, FluidFlowVacuumLines_eqn_2_17b, LiquidRing_eqn_10_19, LiquidRing_eqn_10_20, SelectingPump_eqn_8_6

--- Round 1 ---
Verifying specific families: FluidFlowVacuumLines_eqn_2_17a, FluidFlowVacuumLines_eqn_2_17b, LiquidRing_eqn_10_19, LiquidRing_eqn_10_20, SelectingPump_eqn_8_6
Verifying:   0%|          | 0/5 [00:00<?, ?family/s]Testing LiquidRing::eqn_10_19... FAILED
Verifying:  60%|██████    | 3/5 [00:00<00:00,  9.47family/s]Testing LiquidRing::eqn_10_20... FAILED
  [Harmony Check] FAIL: residual 178777870.10583398 for S_0 = S_p * ((P - p_0)*(460 + T_i) * (P - p_c) / (P * (P - p_s)*(460 + T_e) ) )**0.6
Verifying: 100%|██████████| 5/5 [00:00<00:00,  8.08family/s]Verifying: 100%|██████████| 5/5 [00:00<00:00,  8.29family/s]

 |- Repairing shard: eqn_10_19__P_cap.py in family LiquidRing_eqn_10_19
  [Repair] Scaffold provides complete solution — bypassing LLM
  [Repair] Successfully wrote scaffold-derived shard: eqn_10_19__P_cap.py

 |- Repairing shard: eqn_10_20__P_cap.py in family LiquidRing_eqn_10_20
  [Repair] Scaffold provides complete solution — bypassing LLM
  [Repair] Successfully wrote scaffold-derived shard: eqn_10_20__P_cap.py

 |- Repairing shard: eqn_10_20__S_cap_0.py in family LiquidRing_eqn_10_20
  [Repair] Scaffold provides complete solution — bypassing LLM
  [Repair] Successfully wrote scaffold-derived shard: eqn_10_20__S_cap_0.py

 |- Repairing shard: eqn_10_20__S_cap_p.py in family LiquidRing_eqn_10_20
  [Repair] Scaffold provides complete solution — bypassing LLM
  [Repair] Successfully wrote scaffold-derived shard: eqn_10_20__S_cap_p.py

 |- Repairing shard: eqn_10_20__T_cap_i.py in family LiquidRing_eqn_10_20
  [Repair] Scaffold provides complete solution — bypassing LLM
  [Repair] Successfully wrote scaffold-derived shard: eqn_10_20__T_cap_i.py

 |- Repairing shard: eqn_8_6__k.py in family SelectingPump_eqn_8_6
  [Repair] Scaffold provides complete solution — bypassing LLM
  [Repair] Successfully wrote scaffold-derived shard: eqn_8_6__k.py

Reconstructing library...
Modular package written to /Users/enrique/Desktop/fun_repos/pypilibs/vakyume/projects/VacuumTheory/py/
  13 classes, 788 methods
Generating C++...
C++ source: /Users/enrique/Desktop/fun_repos/pypilibs/vakyume/projects/VacuumTheory/py/airleak.py, /Users/enrique/Desktop/fun_repos/pypilibs/vakyume/projects/VacuumTheory/py/fluidflowvacuumlines.py, /Users/enrique/Desktop/fun_repos/pypilibs/vakyume/projects/VacuumTheory/py/liquidring.py, /Users/enrique/Desktop/fun_repos/pypilibs/vakyume/projects/VacuumTheory/py/precondensors.py, /Users/enrique/Desktop/fun_repos/pypilibs/vakyume/projects/VacuumTheory/py/pressmgmt.py, /Users/enrique/Desktop/fun_repos/pypilibs/vakyume/projects/VacuumTheory/py/processapp1.py, /Users/enrique/Desktop/fun_repos/pypilibs/vakyume/projects/VacuumTheory/py/processapp2.py, /Users/enrique/Desktop/fun_repos/pypilibs/vakyume/projects/VacuumTheory/py/rotarypistonvane.py, /Users/enrique/Desktop/fun_repos/pypilibs/vakyume/projects/VacuumTheory/py/selectingpump.py, /Users/enrique/Desktop/fun_repos/pypilibs/vakyume/projects/VacuumTheory/py/steamjetinjectors.py, /Users/enrique/Desktop/fun_repos/pypilibs/vakyume/projects/VacuumTheory/py/subshards.py, /Users/enrique/Desktop/fun_repos/pypilibs/vakyume/projects/VacuumTheory/py/vacuumtheory.py
Converting 639 functions to C++...
  634 converted deterministically, 5 stubbed (not transpilable):
    - FluidFlowVacuumLines.eqn_2_34__D
    - LiquidRing.eqn_10_20__P
    - Precondensors.eqn_7_14b__A
    - SelectingPump.eqn_8_3__hp
    - SelectingPump.eqn_8_6__k
  Header: /Users/enrique/Desktop/fun_repos/pypilibs/vakyume/projects/VacuumTheory/cpp/airleak.hpp
  Header: /Users/enrique/Desktop/fun_repos/pypilibs/vakyume/projects/VacuumTheory/cpp/fluidflowvacuumlines.hpp
  Header: /Users/enrique/Desktop/fun_repos/pypilibs/vakyume/projects/VacuumTheory/cpp/liquidring.hpp
  Header: /Users/enrique/Desktop/fun_repos/pypilibs/vakyume/projects/VacuumTheory/cpp/precondensors.hpp
  Header: /Users/enrique/Desktop/fun_repos/pypilibs/vakyume/projects/VacuumTheory/cpp/pressmgmt.hpp
  Header: /Users/enrique/Desktop/fun_repos/pypilibs/vakyume/projects/VacuumTheory/cpp/processapp1.hpp
  Header: /Users/enrique/Desktop/fun_repos/pypilibs/vakyume/projects/VacuumTheory/cpp/processapp2.hpp
  Header: /Users/enrique/Desktop/fun_repos/pypilibs/vakyume/projects/VacuumTheory/cpp/rotarypistonvane.hpp
  Header: /Users/enrique/Desktop/fun_repos/pypilibs/vakyume/projects/VacuumTheory/cpp/selectingpump.hpp
  Header: /Users/enrique/Desktop/fun_repos/pypilibs/vakyume/projects/VacuumTheory/cpp/steamjetinjectors.hpp
  Header: /Users/enrique/Desktop/fun_repos/pypilibs/vakyume/projects/VacuumTheory/cpp/vacuumtheory.hpp
C++ main: /Users/enrique/Desktop/fun_repos/pypilibs/vakyume/projects/VacuumTheory/cpp/main.cpp
Compiling...
Compilation SUCCESS. Binary: /Users/enrique/Desktop/fun_repos/pypilibs/vakyume/projects/VacuumTheory/bin/vacuum_theory_binary
Running tests...
Running test suite...
Testing AirLeak_eqn_4_10__T... OK (1 results)
Testing AirLeak_eqn_4_10__V... OK (1 results)
Testing AirLeak_eqn_4_10__del_P... OK (1 results)
Testing AirLeak_eqn_4_10__leakage... OK (1 results)
Testing AirLeak_eqn_4_10__t... OK (1 results)
Testing AirLeak_eqn_4_7__W... OK (1 results)
Testing AirLeak_eqn_4_7__W_T... OK (1 results)
Testing AirLeak_eqn_4_7__sum_individual_leak_rates... OK (1 results)
Testing FluidFlowVacuumLines_eqn_2_1__D... OK (1 results)
Testing FluidFlowVacuumLines_eqn_2_1__Re... OK (1 results)
Testing FluidFlowVacuumLines_eqn_2_1__mu... OK (1 results)
Testing FluidFlowVacuumLines_eqn_2_1__rho... OK (1 results)
Testing FluidFlowVacuumLines_eqn_2_1__v... OK (1 results)
Testing FluidFlowVacuumLines_eqn_2_10__Suc_Pres... OK (1 results)
Testing FluidFlowVacuumLines_eqn_2_10__delta_P... OK (1 results)
Testing FluidFlowVacuumLines_eqn_2_10__oper_press... OK (1 results)
Testing FluidFlowVacuumLines_eqn_2_11__D... OK (1 results)
Testing FluidFlowVacuumLines_eqn_2_11__L... OK (1 results)
Testing FluidFlowVacuumLines_eqn_2_11__f... OK (1 results)
Testing FluidFlowVacuumLines_eqn_2_11__g_c... OK (1 results)
Testing FluidFlowVacuumLines_eqn_2_11__h_r... OK (1 results)
Testing FluidFlowVacuumLines_eqn_2_11__v... OK (2 results)
Testing FluidFlowVacuumLines_eqn_2_12__L... OK (1 results)
Testing FluidFlowVacuumLines_eqn_2_12__d... OK (1 results)
Testing FluidFlowVacuumLines_eqn_2_12__delta_P... OK (1 results)
Testing FluidFlowVacuumLines_eqn_2_12__f... OK (1 results)
Testing FluidFlowVacuumLines_eqn_2_12__g... OK (1 results)
Testing FluidFlowVacuumLines_eqn_2_12__rho... OK (1 results)
Testing FluidFlowVacuumLines_eqn_2_12__v... OK (2 results)
Testing FluidFlowVacuumLines_eqn_2_13__L... OK (1 results)
Testing FluidFlowVacuumLines_eqn_2_13__d... OK (5 results)
Testing FluidFlowVacuumLines_eqn_2_13__delta_P... OK (1 results)
Testing FluidFlowVacuumLines_eqn_2_13__f... OK (1 results)
Testing FluidFlowVacuumLines_eqn_2_13__q... OK (2 results)
Testing FluidFlowVacuumLines_eqn_2_13__rho... OK (1 results)
Testing FluidFlowVacuumLines_eqn_2_14__M... OK (1 results)
Testing FluidFlowVacuumLines_eqn_2_14__R... OK (1 results)
Testing FluidFlowVacuumLines_eqn_2_14__T... OK (1 results)
Testing FluidFlowVacuumLines_eqn_2_14__g_c... OK (1 results)
Testing FluidFlowVacuumLines_eqn_2_14__k... OK (1 results)
Testing FluidFlowVacuumLines_eqn_2_14__v_s... OK (1 results)
Testing FluidFlowVacuumLines_eqn_2_15__Re... OK (1 results)
Testing FluidFlowVacuumLines_eqn_2_15__f... OK (1 results)
Testing FluidFlowVacuumLines_eqn_2_16__Re... OK (1 results)
Testing FluidFlowVacuumLines_eqn_2_16__f... OK (1 results)
Testing FluidFlowVacuumLines_eqn_2_17a__L... OK (1 results)
Testing FluidFlowVacuumLines_eqn_2_17a__d... OK (2 results)
Testing FluidFlowVacuumLines_eqn_2_17a__delta_P... OK (1 results)
Testing FluidFlowVacuumLines_eqn_2_17a__mu... OK (1 results)
Testing FluidFlowVacuumLines_eqn_2_17a__v... OK (1 results)
Testing FluidFlowVacuumLines_eqn_2_17b__L... OK (1 results)
Testing FluidFlowVacuumLines_eqn_2_17b__d... OK (4 results)
Testing FluidFlowVacuumLines_eqn_2_17b__delta_P... OK (1 results)
Testing FluidFlowVacuumLines_eqn_2_17b__mu... OK (1 results)
Testing FluidFlowVacuumLines_eqn_2_17b__q... OK (1 results)
Testing FluidFlowVacuumLines_eqn_2_18a__D_eq... OK (1 results)
Testing FluidFlowVacuumLines_eqn_2_18a__R_ll... OK (1 results)
Testing FluidFlowVacuumLines_eqn_2_18b__R_ll... OK (1 results)
Testing FluidFlowVacuumLines_eqn_2_18b__h... OK (1 results)
Testing FluidFlowVacuumLines_eqn_2_18b__w... OK (1 results)
Testing FluidFlowVacuumLines_eqn_2_19a__R_ll... OK (1 results)
Testing FluidFlowVacuumLines_eqn_2_19a__Re... OK (1 results)
Testing FluidFlowVacuumLines_eqn_2_19a__mu... OK (1 results)
Testing FluidFlowVacuumLines_eqn_2_19a__rho... OK (1 results)
Testing FluidFlowVacuumLines_eqn_2_19a__v... OK (1 results)
Testing FluidFlowVacuumLines_eqn_2_19b__Re... OK (1 results)
Testing FluidFlowVacuumLines_eqn_2_19b__h... OK (1 results)
Testing FluidFlowVacuumLines_eqn_2_19b__mu... OK (1 results)
Testing FluidFlowVacuumLines_eqn_2_19b__rho... OK (1 results)
Testing FluidFlowVacuumLines_eqn_2_19b__v... OK (1 results)
Testing FluidFlowVacuumLines_eqn_2_19b__w... OK (1 results)
Testing FluidFlowVacuumLines_eqn_2_2__delta... OK (2 results)
Testing FluidFlowVacuumLines_eqn_2_2__lambd... OK (1 results)
Testing FluidFlowVacuumLines_eqn_2_2__psi... OK (1 results)
Testing FluidFlowVacuumLines_eqn_2_20__L... OK (1 results)
Testing FluidFlowVacuumLines_eqn_2_20__sum_equivalent_length... OK (1 results)
Testing FluidFlowVacuumLines_eqn_2_20__sum_pipe... OK (1 results)
Testing FluidFlowVacuumLines_eqn_2_22__P_s... OK (1 results)
Testing FluidFlowVacuumLines_eqn_2_22__Q_throughput... OK (1 results)
Testing FluidFlowVacuumLines_eqn_2_22__S_p... OK (1 results)
Testing FluidFlowVacuumLines_eqn_2_25__C... OK (1 results)
Testing FluidFlowVacuumLines_eqn_2_25__P_1... OK (1 results)
Testing FluidFlowVacuumLines_eqn_2_25__P_2... OK (1 results)
Testing FluidFlowVacuumLines_eqn_2_25__Q_throughput... OK (1 results)
Testing FluidFlowVacuumLines_eqn_2_26__D... OK (4 results)
Testing FluidFlowVacuumLines_eqn_2_26__L... OK (1 results)
Testing FluidFlowVacuumLines_eqn_2_26__P_downstream... OK (1 results)
Testing FluidFlowVacuumLines_eqn_2_26__P_p... OK (1 results)
Testing FluidFlowVacuumLines_eqn_2_26__P_upstream... OK (1 results)
Testing FluidFlowVacuumLines_eqn_2_26__mu... OK (1 results)
Testing FluidFlowVacuumLines_eqn_2_26__q... OK (1 results)
Testing FluidFlowVacuumLines_eqn_2_28__C... OK (1 results)
Testing FluidFlowVacuumLines_eqn_2_28__D... OK (4 results)
Testing FluidFlowVacuumLines_eqn_2_28__L... OK (1 results)
Testing FluidFlowVacuumLines_eqn_2_28__P_p... OK (1 results)
Testing FluidFlowVacuumLines_eqn_2_28__mu... OK (1 results)
Testing FluidFlowVacuumLines_eqn_2_29__C... OK (1 results)
Testing FluidFlowVacuumLines_eqn_2_29__S_1... OK (1 results)
Testing FluidFlowVacuumLines_eqn_2_29__S_2... OK (1 results)
Testing FluidFlowVacuumLines_eqn_2_3__D... OK (1 results)
Testing FluidFlowVacuumLines_eqn_2_3__kn... OK (1 results)
Testing FluidFlowVacuumLines_eqn_2_3__lambd... OK (1 results)
Testing FluidFlowVacuumLines_eqn_2_31__C... OK (1 results)
Testing FluidFlowVacuumLines_eqn_2_31__S_p... OK (1 results)
Testing FluidFlowVacuumLines_eqn_2_31__S_pump_speed... OK (1 results)
Testing FluidFlowVacuumLines_eqn_2_32__C_series... OK (1 results)
Testing FluidFlowVacuumLines_eqn_2_32__geometric_sum_C... OK (1 results)
Testing FluidFlowVacuumLines_eqn_2_33__C_paralell... OK (1 results)
Testing FluidFlowVacuumLines_eqn_2_33__arithmetic_sum_C... OK (1 results)
Testing FluidFlowVacuumLines_eqn_2_34__C... OK (1 results)
Testing FluidFlowVacuumLines_eqn_2_34__C_1... OK (1 results)
Testing FluidFlowVacuumLines_eqn_2_34__C_2... OK (1 results)
Testing FluidFlowVacuumLines_eqn_2_34__D... FAIL: FluidFlowVacuumLines_eqn_2_34__D: requires numerical solver (not transpilable)
Testing FluidFlowVacuumLines_eqn_2_34__L... OK (1 results)
Testing FluidFlowVacuumLines_eqn_2_34__P_p... OK (1 results)
Testing FluidFlowVacuumLines_eqn_2_34__mu... OK (1 results)
Testing FluidFlowVacuumLines_eqn_2_35__C_L... OK (1 results)
Testing FluidFlowVacuumLines_eqn_2_35__C_T... OK (1 results)
Testing FluidFlowVacuumLines_eqn_2_35__F_p... OK (1 results)
Testing FluidFlowVacuumLines_eqn_2_36__C... OK (1 results)
Testing FluidFlowVacuumLines_eqn_2_36__C_0... OK (1 results)
Testing FluidFlowVacuumLines_eqn_2_36__F_t... OK (1 results)
Testing FluidFlowVacuumLines_eqn_2_37__A... OK (1 results)
Testing FluidFlowVacuumLines_eqn_2_37__C... OK (1 results)
Testing FluidFlowVacuumLines_eqn_2_37__F_t... OK (1 results)
Testing FluidFlowVacuumLines_eqn_2_37__M... OK (1 results)
Testing FluidFlowVacuumLines_eqn_2_37__T... OK (1 results)
Testing FluidFlowVacuumLines_eqn_2_4___beta... OK (1 results)
Testing FluidFlowVacuumLines_eqn_2_4__mu... OK (1 results)
Testing FluidFlowVacuumLines_eqn_2_4__vel_grad... OK (1 results)
Testing FluidFlowVacuumLines_eqn_2_5__D... OK (4 results)
Testing FluidFlowVacuumLines_eqn_2_5__L... OK (1 results)
Testing FluidFlowVacuumLines_eqn_2_5__delta_P... OK (1 results)
Testing FluidFlowVacuumLines_eqn_2_5__mu... OK (1 results)
Testing FluidFlowVacuumLines_eqn_2_5__q... OK (1 results)
Testing FluidFlowVacuumLines_eqn_2_6__lambd... OK (1 results)
Testing FluidFlowVacuumLines_eqn_2_6__mu... OK (1 results)
Testing FluidFlowVacuumLines_eqn_2_6__rho... OK (1 results)
Testing FluidFlowVacuumLines_eqn_2_6__v_a... OK (1 results)
Testing FluidFlowVacuumLines_eqn_2_7__T... OK (1 results)
Testing FluidFlowVacuumLines_eqn_2_7__k... OK (1 results)
Testing FluidFlowVacuumLines_eqn_2_7__m... OK (1 results)
Testing FluidFlowVacuumLines_eqn_2_7__v_a... OK (1 results)
Testing FluidFlowVacuumLines_eqn_2_8__M... OK (1 results)
Testing FluidFlowVacuumLines_eqn_2_8__P_c... OK (2 results)
Testing FluidFlowVacuumLines_eqn_2_8__T_c... OK (1 results)
Testing FluidFlowVacuumLines_eqn_2_8__mu_c... OK (1 results)
Testing LiquidRing_eqn_10_1__D_r... OK (1 results)
Testing LiquidRing_eqn_10_1__sig_R... OK (1 results)
Testing LiquidRing_eqn_10_1__w... OK (1 results)
Testing LiquidRing_eqn_10_10__bhp... OK (1 results)
Testing LiquidRing_eqn_10_10__bhp_0... OK (1 results)
Testing LiquidRing_eqn_10_10__mu... OK (4 results)
Testing LiquidRing_eqn_10_10__rho... OK (1 results)
Testing LiquidRing_eqn_10_11__T_c... OK (1 results)
Testing LiquidRing_eqn_10_11__T_s... OK (1 results)
Testing LiquidRing_eqn_10_12__T_c... OK (1 results)
Testing LiquidRing_eqn_10_12__T_s... OK (1 results)
Testing LiquidRing_eqn_10_13__T_c... OK (1 results)
Testing LiquidRing_eqn_10_13__T_s... OK (1 results)
Testing LiquidRing_eqn_10_14__T_c... OK (1 results)
Testing LiquidRing_eqn_10_14__T_s... OK (1 results)
Testing LiquidRing_eqn_10_15__P... OK (1 results)
Testing LiquidRing_eqn_10_15__S_Th... OK (1 results)
Testing LiquidRing_eqn_10_15__S_p... OK (1 results)
Testing LiquidRing_eqn_10_15__p_s... OK (1 results)
Testing LiquidRing_eqn_10_16__P... OK (3 results)
Testing LiquidRing_eqn_10_16__S_0... OK (1 results)
Testing LiquidRing_eqn_10_16__S_Th... OK (1 results)
Testing LiquidRing_eqn_10_16__p_0... OK (3 results)
Testing LiquidRing_eqn_10_17__P... OK (3 results)
Testing LiquidRing_eqn_10_17__S_0... OK (1 results)
Testing LiquidRing_eqn_10_17__S_Th... OK (1 results)
Testing LiquidRing_eqn_10_17__p_0... OK (3 results)
Testing LiquidRing_eqn_10_17__p_s... OK (3 results)
Testing LiquidRing_eqn_10_18__P... OK (1 results)
Testing LiquidRing_eqn_10_18__S_Th... OK (1 results)
Testing LiquidRing_eqn_10_18__S_p... OK (1 results)
Testing LiquidRing_eqn_10_18__T_e... OK (1 results)
Testing LiquidRing_eqn_10_18__T_i... OK (1 results)
Testing LiquidRing_eqn_10_18__p_c... OK (1 results)
Testing LiquidRing_eqn_10_18__p_s... OK (1 results)
Testing LiquidRing_eqn_10_19__P... OK (1 results)
Testing LiquidRing_eqn_10_19__S_Th... OK (1 results)
Testing LiquidRing_eqn_10_19__S_p... OK (1 results)
Testing LiquidRing_eqn_10_19__T_e... OK (3 results)
Testing LiquidRing_eqn_10_19__T_i... OK (3 results)
Testing LiquidRing_eqn_10_19__p_c... OK (3 results)
Testing LiquidRing_eqn_10_19__p_s... OK (3 results)
Testing LiquidRing_eqn_10_2__PS... OK (1 results)
Testing LiquidRing_eqn_10_2__Q_gas... OK (1 results)
Testing LiquidRing_eqn_10_2__V... OK (1 results)
Testing LiquidRing_eqn_10_2__dP... OK (1 results)
Testing LiquidRing_eqn_10_2__dt... OK (1 results)
Testing LiquidRing_eqn_10_20__P... FAIL: LiquidRing_eqn_10_20__P: requires numerical solver (not transpilable)
Testing LiquidRing_eqn_10_20__S_0... OK (1 results)
Testing LiquidRing_eqn_10_20__S_p... OK (1 results)
Testing LiquidRing_eqn_10_20__T_e... OK (1 results)
Testing LiquidRing_eqn_10_20__T_i... OK (1 results)
Testing LiquidRing_eqn_10_20__p_0... OK (1 results)
Testing LiquidRing_eqn_10_20__p_c... OK (1 results)
Testing LiquidRing_eqn_10_20__p_s... OK (1 results)
Testing LiquidRing_eqn_10_21__P... OK (1 results)
Testing LiquidRing_eqn_10_21__P_d... OK (1 results)
Testing LiquidRing_eqn_10_21__P_prime... OK (1 results)
Testing LiquidRing_eqn_10_3__N_mfw... OK (1 results)
Testing LiquidRing_eqn_10_3__Q_gas... OK (1 results)
Testing LiquidRing_eqn_10_3__T... OK (1 results)
Testing LiquidRing_eqn_10_4__Q_gas... OK (1 results)
Testing LiquidRing_eqn_10_4__SP_1... OK (1 results)
Testing LiquidRing_eqn_10_4__SP_2... OK (1 results)
Testing LiquidRing_eqn_10_4__S_p... OK (1 results)
Testing LiquidRing_eqn_10_4__V... OK (1 results)
Testing LiquidRing_eqn_10_4__t... OK (1 results)
Testing LiquidRing_eqn_10_5__P_1... OK (1 results)
Testing LiquidRing_eqn_10_5__P_2... OK (1 results)
Testing LiquidRing_eqn_10_5__S_p... OK (1 results)
Testing LiquidRing_eqn_10_5__V... OK (1 results)
Testing LiquidRing_eqn_10_5__t... OK (1 results)
Testing LiquidRing_eqn_10_6__P_1... OK (1 results)
Testing LiquidRing_eqn_10_6__P_2... OK (1 results)
Testing LiquidRing_eqn_10_6__S_a... OK (1 results)
Testing LiquidRing_eqn_10_6__V... OK (1 results)
Testing LiquidRing_eqn_10_6__t... OK (1 results)
Testing LiquidRing_eqn_10_8__bhp... OK (1 results)
Testing LiquidRing_eqn_10_8__c_p... OK (1 results)
Testing LiquidRing_eqn_10_8__delta_T... OK (1 results)
Testing LiquidRing_eqn_10_8__delta_h_i... OK (1 results)
Testing LiquidRing_eqn_10_8__f_a... OK (1 results)
Testing LiquidRing_eqn_10_8__rho... OK (1 results)
Testing LiquidRing_eqn_10_8__w_i... OK (1 results)
Testing LiquidRing_eqn_10_9__T_c... OK (1 results)
Testing LiquidRing_eqn_10_9__T_s... OK (1 results)
Testing LiquidRing_eqn_10_9__delta_T... OK (1 results)
Testing Precondensors_eqn_7_1__P... OK (1 results)
Testing Precondensors_eqn_7_1__p_i... OK (1 results)
Testing Precondensors_eqn_7_1__y_i... OK (1 results)
Testing Precondensors_eqn_7_10__L_c_P... OK (1 results)
Testing Precondensors_eqn_7_10__Q_condensor_heat_duty... OK (1 results)
Testing Precondensors_eqn_7_10__del_T... OK (1 results)
Testing Precondensors_eqn_7_11__Q_condensor_heat_duty... OK (1 results)
Testing Precondensors_eqn_7_11__U_v... OK (1 results)
Testing Precondensors_eqn_7_11__V_c... OK (1 results)
Testing Precondensors_eqn_7_11__del_T_LM... OK (1 results)
Testing Precondensors_eqn_7_12__A... OK (1 results)
Testing Precondensors_eqn_7_12__Q_condensor_heat_duty... OK (1 results)
Testing Precondensors_eqn_7_12__U... OK (1 results)
Testing Precondensors_eqn_7_12__del_T... OK (1 results)
Testing Precondensors_eqn_7_14a__A... OK (1 results)
Testing Precondensors_eqn_7_14a__Q_condensor_heat_duty... OK (1 results)
Testing Precondensors_eqn_7_14a__U... OK (1 results)
Testing Precondensors_eqn_7_14a__del_T_LM... OK (1 results)
Testing Precondensors_eqn_7_14b__A... FAIL: Precondensors_eqn_7_14b__A: requires numerical solver (not transpilable)
Testing Precondensors_eqn_7_14b__Q_condensor_heat_duty... OK (1 results)
Testing Precondensors_eqn_7_14b__U... OK (1 results)
Testing Precondensors_eqn_7_14b__del_T_1... OK (1 results)
Testing Precondensors_eqn_7_14b__del_T_2... OK (1 results)
Testing Precondensors_eqn_7_15__U... OK (1 results)
Testing Precondensors_eqn_7_15__sum_R... OK (1 results)
Testing Precondensors_eqn_7_16__D_0... OK (1 results)
Testing Precondensors_eqn_7_16__D_LM... OK (1 results)
Testing Precondensors_eqn_7_16__D_i... OK (1 results)
Testing Precondensors_eqn_7_16__R_f_0... OK (1 results)
Testing Precondensors_eqn_7_16__R_fi... OK (1 results)
Testing Precondensors_eqn_7_16__U_0... OK (1 results)
Testing Precondensors_eqn_7_16__h_0... OK (1 results)
Testing Precondensors_eqn_7_16__h_i... OK (1 results)
Testing Precondensors_eqn_7_16__k_w... OK (1 results)
Testing Precondensors_eqn_7_16__x_w... OK (1 results)
Testing Precondensors_eqn_7_17__R_0... OK (1 results)
Testing Precondensors_eqn_7_17__R_nc... OK (1 results)
Testing Precondensors_eqn_7_17__h_c... OK (1 results)
Testing Precondensors_eqn_7_18__D_0... OK (1 results)
Testing Precondensors_eqn_7_18__D_LM... OK (1 results)
Testing Precondensors_eqn_7_18__D_i... OK (1 results)
Testing Precondensors_eqn_7_18__R_fi... OK (1 results)
Testing Precondensors_eqn_7_18__R_fo... OK (1 results)
Testing Precondensors_eqn_7_18__R_nc... OK (1 results)
Testing Precondensors_eqn_7_18__U_0... OK (1 results)
Testing Precondensors_eqn_7_18__h_c... OK (1 results)
Testing Precondensors_eqn_7_18__h_i... OK (1 results)
Testing Precondensors_eqn_7_18__k_w... OK (1 results)
Testing Precondensors_eqn_7_18__x_w... OK (1 results)
Testing Precondensors_eqn_7_2__P_i_0... OK (1 results)
Testing Precondensors_eqn_7_2__p_i... OK (1 results)
Testing Precondensors_eqn_7_2__x_i... OK (1 results)
Testing Precondensors_eqn_7_3__P_i_0... OK (1 results)
Testing Precondensors_eqn_7_3__epsilon_i... OK (1 results)
Testing Precondensors_eqn_7_3__p_i... OK (1 results)
Testing Precondensors_eqn_7_3__x_i... OK (1 results)
Testing Precondensors_eqn_7_4a__P... OK (1 results)
Testing Precondensors_eqn_7_4a__p_c... OK (1 results)
Testing Precondensors_eqn_7_4a__p_nc... OK (1 results)
Testing Precondensors_eqn_7_4aa__n_i... OK (1 results)
Testing Precondensors_eqn_7_4aa__n_nc... OK (1 results)
Testing Precondensors_eqn_7_4aa__p_i... OK (1 results)
Testing Precondensors_eqn_7_4aa__p_nc... OK (1 results)
Testing Precondensors_eqn_7_4ab__P_c... OK (1 results)
Testing Precondensors_eqn_7_4ab__p... OK (1 results)
Testing Precondensors_eqn_7_4ab__p_i... OK (1 results)
Testing Precondensors_eqn_7_4ab__p_nc... OK (1 results)
Testing Precondensors_eqn_7_4ac__P_c... OK (1 results)
Testing Precondensors_eqn_7_4ac__n_i... OK (1 results)
Testing Precondensors_eqn_7_4ac__n_nc... OK (1 results)
Testing Precondensors_eqn_7_4ac__p... OK (1 results)
Testing Precondensors_eqn_7_4ac__p_i... OK (1 results)
Testing Precondensors_eqn_7_5__N_i... OK (1 results)
Testing Precondensors_eqn_7_5__N_nc... OK (1 results)
Testing Precondensors_eqn_7_5__P... OK (1 results)
Testing Precondensors_eqn_7_5__P_c... OK (1 results)
Testing Precondensors_eqn_7_5__p_i... OK (1 results)
Testing Precondensors_eqn_7_6__M... OK (1 results)
Testing Precondensors_eqn_7_6__P... OK (1 results)
Testing Precondensors_eqn_7_6__P_i_0... OK (1 results)
Testing Precondensors_eqn_7_6__W_air... OK (1 results)
Testing Precondensors_eqn_7_6__W_i... OK (1 results)
Testing Precondensors_eqn_7_6__p_c... OK (1 results)
Testing Precondensors_eqn_7_6__x_i... OK (1 results)
Testing Precondensors_eqn_7_7__M... OK (1 results)
Testing Precondensors_eqn_7_7__P... OK (1 results)
Testing Precondensors_eqn_7_7__P_i_0... OK (1 results)
Testing Precondensors_eqn_7_7__W_air... OK (1 results)
Testing Precondensors_eqn_7_7__W_i... OK (1 results)
Testing Precondensors_eqn_7_7__epsilon_i... OK (1 results)
Testing Precondensors_eqn_7_7__p_c... OK (1 results)
Testing Precondensors_eqn_7_7__x_i... OK (1 results)
Testing Precondensors_eqn_7_8__L_c... OK (1 results)
Testing Precondensors_eqn_7_8__Q_condensor_heat_duty... OK (1 results)
Testing Precondensors_eqn_7_8__c_p... OK (1 results)
Testing Precondensors_eqn_7_8__del_T... OK (1 results)
Testing Precondensors_eqn_7_9__L_c... OK (1 results)
Testing Precondensors_eqn_7_9__Q_condensor_heat_duty... OK (1 results)
Testing Precondensors_eqn_7_9__c_p... OK (1 results)
Testing Precondensors_eqn_7_9__del_T... OK (1 results)
Testing Precondensors_eqn_7_9__rho... OK (1 results)
Testing PressMgmt_eqn_3_1__Abs_Pressure... OK (1 results)
Testing PressMgmt_eqn_3_1__BarometricPressure... OK (1 results)
Testing PressMgmt_eqn_3_1__Vacuum... OK (1 results)
Testing PressMgmt_eqn_3_11__A_C... OK (1 results)
Testing PressMgmt_eqn_3_11__H_2... OK (2 results)
Testing PressMgmt_eqn_3_11__P... OK (1 results)
Testing PressMgmt_eqn_3_11__V... OK (1 results)
Testing PressMgmt_eqn_3_12__H_2... OK (2 results)
Testing PressMgmt_eqn_3_12__KAPPA_1... OK (1 results)
Testing PressMgmt_eqn_3_12__P... OK (1 results)
Testing PressMgmt_eqn_3_13__H_1... OK (1 results)
Testing PressMgmt_eqn_3_13__H_2... OK (1 results)
Testing PressMgmt_eqn_3_13__KAPPA_2... OK (1 results)
Testing PressMgmt_eqn_3_13__P... OK (1 results)
Testing PressMgmt_eqn_3_15__V_PMIN... OK (1 results)
Testing PressMgmt_eqn_3_16__V_div_V_P_MAX... OK (1 results)
Testing PressMgmt_eqn_3_17__P_MIN... OK (1 results)
Testing PressMgmt_eqn_3_2__G... OK (1 results)
Testing PressMgmt_eqn_3_2__G_C... OK (1 results)
Testing PressMgmt_eqn_3_2__H... OK (1 results)
Testing PressMgmt_eqn_3_2__P... OK (1 results)
Testing PressMgmt_eqn_3_2__rho... OK (1 results)
Testing PressMgmt_eqn_3_3__H_1... OK (1 results)
Testing PressMgmt_eqn_3_3__H_2... OK (1 results)
Testing PressMgmt_eqn_3_3__P... OK (1 results)
Testing PressMgmt_eqn_3_3__P_P... OK (1 results)
Testing PressMgmt_eqn_3_4__KAPPA... OK (1 results)
Testing PressMgmt_eqn_3_4__P... OK (1 results)
Testing PressMgmt_eqn_3_4__V... OK (1 results)
Testing PressMgmt_eqn_3_5__P... OK (1 results)
Testing PressMgmt_eqn_3_5__P_P... OK (1 results)
Testing PressMgmt_eqn_3_5__V... OK (1 results)
Testing PressMgmt_eqn_3_5__V_P... OK (1 results)
Testing PressMgmt_eqn_3_6__H_1... OK (1 results)
Testing PressMgmt_eqn_3_6__H_2... OK (1 results)
Testing PressMgmt_eqn_3_6__P... OK (1 results)
Testing PressMgmt_eqn_3_6__V... OK (1 results)
Testing PressMgmt_eqn_3_6__V_P... OK (1 results)
Testing PressMgmt_eqn_3_8__A_C... OK (1 results)
Testing PressMgmt_eqn_3_8__H_2... OK (1 results)
Testing PressMgmt_eqn_3_8__V_P... OK (1 results)
Testing PressMgmt_eqn_3_9__A_C... OK (1 results)
Testing PressMgmt_eqn_3_9__H_1... OK (1 results)
Testing PressMgmt_eqn_3_9__H_2... OK (2 results)
Testing PressMgmt_eqn_3_9__P... OK (1 results)
Testing PressMgmt_eqn_3_9__V... OK (1 results)
Testing ProcessApp1_eqn_5_1__K_i... OK (1 results)
Testing ProcessApp1_eqn_5_1__x_i... OK (1 results)
Testing ProcessApp1_eqn_5_1__y_i... OK (1 results)
Testing ProcessApp1_eqn_5_10a__D... OK (1 results)
Testing ProcessApp1_eqn_5_10a__L_0... OK (2 results)
Testing ProcessApp1_eqn_5_10a__V_1... OK (1 results)
Testing ProcessApp1_eqn_5_10b__L_0... OK (1 results)
Testing ProcessApp1_eqn_5_10b__R... OK (1 results)
Testing ProcessApp1_eqn_5_10b__V_1... OK (1 results)
Testing ProcessApp1_eqn_5_10c__D... OK (1 results)
Testing ProcessApp1_eqn_5_10c__L_0... OK (1 results)
Testing ProcessApp1_eqn_5_10c__R... OK (1 results)
Testing ProcessApp1_eqn_5_11__B... OK (1 results)
Testing ProcessApp1_eqn_5_11__L_N... OK (1 results)
Testing ProcessApp1_eqn_5_11__V_0... OK (1 results)
Testing ProcessApp1_eqn_5_12__Eff... OK (1 results)
Testing ProcessApp1_eqn_5_12__N_ES... OK (1 results)
Testing ProcessApp1_eqn_5_12__N_t... OK (1 results)
Testing ProcessApp1_eqn_5_12__T... OK (1 results)
Testing ProcessApp1_eqn_5_13__HETP... OK (1 results)
Testing ProcessApp1_eqn_5_13__H_p... OK (1 results)
Testing ProcessApp1_eqn_5_13__N_ES... OK (1 results)
Testing ProcessApp1_eqn_5_14__M... OK (1 results)
Testing ProcessApp1_eqn_5_14__P_0... OK (1 results)
Testing ProcessApp1_eqn_5_14__T... OK (1 results)
Testing ProcessApp1_eqn_5_14__W_E... OK (1 results)
Testing ProcessApp1_eqn_5_15__M_1... OK (2 results)
Testing ProcessApp1_eqn_5_15__M_2... OK (2 results)
Testing ProcessApp1_eqn_5_15__P_0_1... OK (1 results)
Testing ProcessApp1_eqn_5_15__P_0_2... OK (1 results)
Testing ProcessApp1_eqn_5_15__a_M_12... OK (1 results)
Testing ProcessApp1_eqn_5_16__H_i... OK (1 results)
Testing ProcessApp1_eqn_5_16__p_i... OK (1 results)
Testing ProcessApp1_eqn_5_16__x_i... OK (1 results)
Testing ProcessApp1_eqn_5_17__H_2_1... OK (1 results)
Testing ProcessApp1_eqn_5_17__H_2_3... OK (1 results)
Testing ProcessApp1_eqn_5_17__H_2_mi... OK (1 results)
Testing ProcessApp1_eqn_5_17__x_1... OK (1 results)
Testing ProcessApp1_eqn_5_17__x_3... OK (1 results)
Testing ProcessApp1_eqn_5_2a__K_1... OK (1 results)
Testing ProcessApp1_eqn_5_2a__K_2... OK (1 results)
Testing ProcessApp1_eqn_5_2a__alpha_1_2... OK (1 results)
Testing ProcessApp1_eqn_5_2b__K_1... OK (1 results)
Testing ProcessApp1_eqn_5_2b__K_2... OK (1 results)
Testing ProcessApp1_eqn_5_2b__x_1... OK (1 results)
Testing ProcessApp1_eqn_5_2b__x_2... OK (1 results)
Testing ProcessApp1_eqn_5_2b__y_1... OK (1 results)
Testing ProcessApp1_eqn_5_2b__y_2... OK (1 results)
Testing ProcessApp1_eqn_5_3__P_0_i... OK (1 results)
Testing ProcessApp1_eqn_5_3__p_i... OK (1 results)
Testing ProcessApp1_eqn_5_3__x_i... OK (1 results)
Testing ProcessApp1_eqn_5_4__P... OK (1 results)
Testing ProcessApp1_eqn_5_4__P_0_i... OK (1 results)
Testing ProcessApp1_eqn_5_4__x_i... OK (1 results)
Testing ProcessApp1_eqn_5_4__y_i... OK (1 results)
Testing ProcessApp1_eqn_5_5__P_0_1... OK (1 results)
Testing ProcessApp1_eqn_5_5__P_0_2... OK (1 results)
Testing ProcessApp1_eqn_5_5__alpha_12... OK (1 results)
Testing ProcessApp1_eqn_5_6__P_0_i... OK (1 results)
Testing ProcessApp1_eqn_5_6__gamma_i... OK (1 results)
Testing ProcessApp1_eqn_5_6__p_i... OK (1 results)
Testing ProcessApp1_eqn_5_6__x_i... OK (1 results)
Testing ProcessApp1_eqn_5_7__P... OK (1 results)
Testing ProcessApp1_eqn_5_7__P_0_i... OK (1 results)
Testing ProcessApp1_eqn_5_7__gamma_i... OK (1 results)
Testing ProcessApp1_eqn_5_7__x_i... OK (1 results)
Testing ProcessApp1_eqn_5_7__y_i... OK (1 results)
Testing ProcessApp1_eqn_5_8__P_0_1... OK (1 results)
Testing ProcessApp1_eqn_5_8__P_0_2... OK (1 results)
Testing ProcessApp1_eqn_5_8__alpha_12... OK (1 results)
Testing ProcessApp1_eqn_5_8__gamma_1... OK (1 results)
Testing ProcessApp1_eqn_5_8__gamma_2... OK (1 results)
Testing ProcessApp1_eqn_5_9__D... OK (1 results)
Testing ProcessApp1_eqn_5_9__L_0... OK (2 results)
Testing ProcessApp1_eqn_5_9__V_1... OK (1 results)
Testing ProcessApp2_eqn_6_1__T_1... OK (1 results)
Testing ProcessApp2_eqn_6_1__T_2... OK (1 results)
Testing ProcessApp2_eqn_6_1__T_R... OK (1 results)
Testing ProcessApp2_eqn_6_1__c_p... OK (1 results)
Testing ProcessApp2_eqn_6_1__del_h_v... OK (1 results)
Testing ProcessApp2_eqn_6_1__w_1... OK (1 results)
Testing ProcessApp2_eqn_6_1__w_2... OK (1 results)
Testing ProcessApp2_eqn_6_1__w_v... OK (1 results)
Testing ProcessApp2_eqn_6_10__A... OK (1 results)
Testing ProcessApp2_eqn_6_10__dV_dt... OK (1 results)
Testing ProcessApp2_eqn_6_10__delta_P... OK (1 results)
Testing ProcessApp2_eqn_6_10__mu... OK (1 results)
Testing ProcessApp2_eqn_6_10__r_c... OK (1 results)
Testing ProcessApp2_eqn_6_10__s... OK (1 results)
Testing ProcessApp2_eqn_6_10__tau... OK (1 results)
Testing ProcessApp2_eqn_6_11a__A_d... OK (1 results)
Testing ProcessApp2_eqn_6_11a__delta_T... OK (1 results)
Testing ProcessApp2_eqn_6_11a__delta_h_i... OK (1 results)
Testing ProcessApp2_eqn_6_11a__delta_m... OK (1 results)
Testing ProcessApp2_eqn_6_11a__h_d... OK (1 results)
Testing ProcessApp2_eqn_6_11a__m_b... OK (1 results)
Testing ProcessApp2_eqn_6_11a__t_R... OK (1 results)
Testing ProcessApp2_eqn_6_2__Q_v... OK (1 results)
Testing ProcessApp2_eqn_6_2__T_1... OK (1 results)
Testing ProcessApp2_eqn_6_2__T_2... OK (1 results)
Testing ProcessApp2_eqn_6_2__T_R... OK (1 results)
Testing ProcessApp2_eqn_6_2__c_p... OK (1 results)
Testing ProcessApp2_eqn_6_2__w_1... OK (1 results)
Testing ProcessApp2_eqn_6_2__w_2... OK (1 results)
Testing ProcessApp2_eqn_6_4__Q_v... OK (1 results)
Testing ProcessApp2_eqn_6_4__delta_h_v... OK (1 results)
Testing ProcessApp2_eqn_6_4__w_v... OK (1 results)
Testing ProcessApp2_eqn_6_7__C_1... OK (1 results)
Testing ProcessApp2_eqn_6_7__C_2... OK (1 results)
Testing ProcessApp2_eqn_6_7__T_1... OK (1 results)
Testing ProcessApp2_eqn_6_7__T_2... OK (1 results)
Testing ProcessApp2_eqn_6_7__c_p... OK (1 results)
Testing ProcessApp2_eqn_6_7__delta_h_c... OK (1 results)
Testing ProcessApp2_eqn_6_7__delta_h_v... OK (1 results)
Testing ProcessApp2_eqn_6_7__m_b... OK (1 results)
Testing ProcessApp2_eqn_6_7__m_v... OK (1 results)
Testing ProcessApp2_eqn_6_8__C_1... OK (1 results)
Testing ProcessApp2_eqn_6_8__C_2... OK (1 results)
Testing ProcessApp2_eqn_6_8__T_1... OK (1 results)
Testing ProcessApp2_eqn_6_8__T_2... OK (1 results)
Testing ProcessApp2_eqn_6_8__c_p... OK (1 results)
Testing ProcessApp2_eqn_6_8__delta_h_c... OK (1 results)
Testing ProcessApp2_eqn_6_8__delta_h_v... OK (1 results)
Testing ProcessApp2_eqn_6_8__delta_t... OK (1 results)
Testing ProcessApp2_eqn_6_8__m_b... OK (1 results)
Testing ProcessApp2_eqn_6_8__w_v... OK (1 results)
Testing ProcessApp2_eqn_6_9__A... OK (2 results)
Testing ProcessApp2_eqn_6_9__dV_dt... OK (1 results)
Testing ProcessApp2_eqn_6_9__delta_P... OK (1 results)
Testing ProcessApp2_eqn_6_9__m... OK (1 results)
Testing ProcessApp2_eqn_6_9__mu... OK (1 results)
Testing ProcessApp2_eqn_6_9__r... OK (1 results)
Testing ProcessApp2_eqn_6_9__r_M... OK (1 results)
Testing RotaryPistonVane_eqn_11_1__PS... OK (1 results)
Testing RotaryPistonVane_eqn_11_1__Q_0... OK (1 results)
Testing RotaryPistonVane_eqn_11_1__Q_external_gas_throughput... OK (1 results)
Testing RotaryPistonVane_eqn_11_1__V... OK (1 results)
Testing RotaryPistonVane_eqn_11_1__dP... OK (1 results)
Testing RotaryPistonVane_eqn_11_1__dT... OK (1 results)
Testing RotaryPistonVane_eqn_11_2__Q... OK (1 results)
Testing RotaryPistonVane_eqn_11_2__Q_0... OK (1 results)
Testing RotaryPistonVane_eqn_11_2__Q_external_gas_throughput... OK (1 results)
Testing RotaryPistonVane_eqn_11_2__SP_1... OK (1 results)
Testing RotaryPistonVane_eqn_11_2__SP_2... OK (1 results)
Testing RotaryPistonVane_eqn_11_2__S_vol_pump_speed... OK (1 results)
Testing RotaryPistonVane_eqn_11_2__V... OK (1 results)
Testing RotaryPistonVane_eqn_11_2__t... OK (1 results)
Testing RotaryPistonVane_eqn_11_3__F_s... OK (1 results)
Testing RotaryPistonVane_eqn_11_3__t... OK (1 results)
Testing RotaryPistonVane_eqn_11_3__t_c... OK (1 results)
Testing RotaryPistonVane_eqn_11_4__p_g... OK (1 results)
Testing RotaryPistonVane_eqn_11_4__p_s... OK (1 results)
Testing RotaryPistonVane_eqn_11_4__p_v... OK (2 results)
Testing RotaryPistonVane_eqn_11_5__P_0_v... OK (1 results)
Testing RotaryPistonVane_eqn_11_5__P_D... OK (1 results)
Testing RotaryPistonVane_eqn_11_5__p_g... OK (1 results)
Testing RotaryPistonVane_eqn_11_5__p_v_max... OK (1 results)
Testing RotaryPistonVane_eqn_11_6__P_0_V... OK (1 results)
Testing RotaryPistonVane_eqn_11_6__P_D... OK (1 results)
Testing RotaryPistonVane_eqn_11_6__P_v_0... OK (1 results)
Testing RotaryPistonVane_eqn_11_6__S_B... OK (1 results)
Testing RotaryPistonVane_eqn_11_6__S_D... OK (1 results)
Testing RotaryPistonVane_eqn_11_6__p_b... OK (1 results)
Testing RotaryPistonVane_eqn_11_6__p_g... OK (1 results)
Testing RotaryPistonVane_eqn_11_6__p_v_max... OK (1 results)
Testing SelectingPump_eqn_8_1__NC... OK (1 results)
Testing SelectingPump_eqn_8_1__NS... OK (1 results)
Testing SelectingPump_eqn_8_1__SCON... OK (1 results)
Testing SelectingPump_eqn_8_1__installation_cost... OK (1 results)
Testing SelectingPump_eqn_8_2__hp... OK (1 results)
Testing SelectingPump_eqn_8_2__installed_costs... OK (1 results)
Testing SelectingPump_eqn_8_3__hp... FAIL: SelectingPump_eqn_8_3__hp: requires numerical solver (not transpilable)
Testing SelectingPump_eqn_8_3__installed_costs... OK (1 results)
Testing SelectingPump_eqn_8_4__hp... OK (2 results)
Testing SelectingPump_eqn_8_4__installed_costs... OK (1 results)
Testing SelectingPump_eqn_8_5__Eff... OK (1 results)
Testing SelectingPump_eqn_8_5__actual_brake_horsepower... OK (1 results)
Testing SelectingPump_eqn_8_5__theoretical_adiabatic_horsepower... OK (1 results)
Testing SelectingPump_eqn_8_6__M... OK (1 results)
Testing SelectingPump_eqn_8_6__P_1... OK (1 results)
Testing SelectingPump_eqn_8_6__P_2... OK (1 results)
Testing SelectingPump_eqn_8_6__R... OK (1 results)
Testing SelectingPump_eqn_8_6__T... OK (1 results)
Testing SelectingPump_eqn_8_6__adiabatic_hp... OK (1 results)
Testing SelectingPump_eqn_8_6__k... FAIL: SelectingPump_eqn_8_6__k: requires numerical solver (not transpilable)
Testing SelectingPump_eqn_8_6__w... OK (1 results)
Testing SelectingPump_eqn_8_7__P_1... OK (1 results)
Testing SelectingPump_eqn_8_7__P_2... OK (1 results)
Testing SelectingPump_eqn_8_7__adiabatic_hp... OK (1 results)
Testing SelectingPump_eqn_8_7__w... OK (1 results)
Testing SelectingPump_eqn_8_8__P_1... OK (1 results)
Testing SelectingPump_eqn_8_8__P_2... OK (1 results)
Testing SelectingPump_eqn_8_8__adiabatic_power_watts... OK (1 results)
Testing SelectingPump_eqn_8_8__f... OK (1 results)
Testing SelectingPump_eqn_8_9__E_j... OK (1 results)
Testing SelectingPump_eqn_8_9__E_m... OK (1 results)
Testing SelectingPump_eqn_8_9__e... OK (1 results)
Testing SelectingPump_eqn_8_9__r... OK (1 results)
Testing SelectingPump_eqn_8_9__s... OK (1 results)
Testing SteamJetInjectors_eqn_9_1__A... OK (1 results)
Testing SteamJetInjectors_eqn_9_1__rho_s... OK (1 results)
Testing SteamJetInjectors_eqn_9_1__v... OK (1 results)
Testing SteamJetInjectors_eqn_9_1__w_s... OK (1 results)
Testing SteamJetInjectors_eqn_9_2__P_m... OK (1 results)
Testing SteamJetInjectors_eqn_9_2__d_n... OK (2 results)
Testing SteamJetInjectors_eqn_9_2__rho_s... OK (1 results)
Testing SteamJetInjectors_eqn_9_2__w_s... OK (1 results)
Testing SteamJetInjectors_eqn_9_3__P_s... OK (1 results)
Testing SteamJetInjectors_eqn_9_3__V... OK (1 results)
Testing SteamJetInjectors_eqn_9_3__t_e... OK (1 results)
Testing SteamJetInjectors_eqn_9_3__w_j... OK (1 results)
Testing SteamJetInjectors_eqn_9_4__AEL... OK (1 results)
Testing SteamJetInjectors_eqn_9_4__SC... OK (1 results)
Testing SteamJetInjectors_eqn_9_4__r... OK (1 results)
Testing SteamJetInjectors_eqn_9_4__w_s... OK (1 results)
Testing SteamJetInjectors_eqn_9_5__V... OK (1 results)
Testing SteamJetInjectors_eqn_9_5__r_h... OK (1 results)
Testing SteamJetInjectors_eqn_9_5__t_h... OK (1 results)
Testing SteamJetInjectors_eqn_9_5__w_h... OK (1 results)
Testing VacuumTheory_eqn_1_10__P_1... OK (1 results)
Testing VacuumTheory_eqn_1_10__P_2... OK (1 results)
Testing VacuumTheory_eqn_1_10__T_1... OK (1 results)
Testing VacuumTheory_eqn_1_10__T_2... OK (1 results)
Testing VacuumTheory_eqn_1_10__V_1... OK (1 results)
Testing VacuumTheory_eqn_1_10__V_2... OK (1 results)
Testing VacuumTheory_eqn_1_11__M... OK (1 results)
Testing VacuumTheory_eqn_1_11__P... OK (1 results)
Testing VacuumTheory_eqn_1_11__T... OK (1 results)
Testing VacuumTheory_eqn_1_11__W... OK (1 results)
Testing VacuumTheory_eqn_1_11__q... OK (1 results)
Testing VacuumTheory_eqn_1_12__Total_P... OK (1 results)
Testing VacuumTheory_eqn_1_12__sum_partial_pressures... OK (1 results)
Testing VacuumTheory_eqn_1_13a__n... OK (1 results)
Testing VacuumTheory_eqn_1_13a__n_a... OK (1 results)
Testing VacuumTheory_eqn_1_13a__y_a... OK (1 results)
Testing VacuumTheory_eqn_1_13b__P... OK (1 results)
Testing VacuumTheory_eqn_1_13b__p_a... OK (1 results)
Testing VacuumTheory_eqn_1_13b__y_a... OK (1 results)
Testing VacuumTheory_eqn_1_3__T... OK (1 results)
Testing VacuumTheory_eqn_1_3__k... OK (1 results)
Testing VacuumTheory_eqn_1_3__m... OK (1 results)
Testing VacuumTheory_eqn_1_3__v... OK (2 results)
Testing VacuumTheory_eqn_1_7__R... OK (1 results)
Testing VacuumTheory_eqn_1_7__T... OK (1 results)
Testing VacuumTheory_eqn_1_7__V... OK (1 results)
Testing VacuumTheory_eqn_1_7__n... OK (1 results)
Testing VacuumTheory_eqn_1_7__p... OK (1 results)
Testing VacuumTheory_eqn_1_8__M... OK (1 results)
Testing VacuumTheory_eqn_1_8__P... OK (1 results)
Testing VacuumTheory_eqn_1_8__R... OK (1 results)
Testing VacuumTheory_eqn_1_8__T... OK (1 results)
Testing VacuumTheory_eqn_1_8__V... OK (1 results)
Testing VacuumTheory_eqn_1_8__m... OK (1 results)
Testing VacuumTheory_eqn_1_9__M... OK (1 results)
Testing VacuumTheory_eqn_1_9__P... OK (1 results)
Testing VacuumTheory_eqn_1_9__R... OK (1 results)
Testing VacuumTheory_eqn_1_9__T... OK (1 results)
Testing VacuumTheory_eqn_1_9__rho... OK (1 results)

634 passed, 5 failed.

Tests exited with code 1
Formatting project...

Pipeline complete.

Solved: 2
Inconsistent: 3
Failed: 0

=== [build] Reconstruction ===
Modular package written to projects/VacuumTheory/py/
  13 classes, 788 methods

=== [build] C++ Generation ===
C++ source: /Users/enrique/Desktop/fun_repos/pypilibs/vakyume/projects/VacuumTheory/py/airleak.py, /Users/enrique/Desktop/fun_repos/pypilibs/vakyume/projects/VacuumTheory/py/fluidflowvacuumlines.py, /Users/enrique/Desktop/fun_repos/pypilibs/vakyume/projects/VacuumTheory/py/liquidring.py, /Users/enrique/Desktop/fun_repos/pypilibs/vakyume/projects/VacuumTheory/py/precondensors.py, /Users/enrique/Desktop/fun_repos/pypilibs/vakyume/projects/VacuumTheory/py/pressmgmt.py, /Users/enrique/Desktop/fun_repos/pypilibs/vakyume/projects/VacuumTheory/py/processapp1.py, /Users/enrique/Desktop/fun_repos/pypilibs/vakyume/projects/VacuumTheory/py/processapp2.py, /Users/enrique/Desktop/fun_repos/pypilibs/vakyume/projects/VacuumTheory/py/rotarypistonvane.py, /Users/enrique/Desktop/fun_repos/pypilibs/vakyume/projects/VacuumTheory/py/selectingpump.py, /Users/enrique/Desktop/fun_repos/pypilibs/vakyume/projects/VacuumTheory/py/steamjetinjectors.py, /Users/enrique/Desktop/fun_repos/pypilibs/vakyume/projects/VacuumTheory/py/subshards.py, /Users/enrique/Desktop/fun_repos/pypilibs/vakyume/projects/VacuumTheory/py/vacuumtheory.py
Converting 639 functions to C++...
  634 converted deterministically, 5 stubbed (not transpilable):
    - FluidFlowVacuumLines.eqn_2_34__D
    - LiquidRing.eqn_10_20__P
    - Precondensors.eqn_7_14b__A
    - SelectingPump.eqn_8_3__hp
    - SelectingPump.eqn_8_6__k
  Header: /Users/enrique/Desktop/fun_repos/pypilibs/vakyume/projects/VacuumTheory/cpp/airleak.hpp
  Header: /Users/enrique/Desktop/fun_repos/pypilibs/vakyume/projects/VacuumTheory/cpp/fluidflowvacuumlines.hpp
  Header: /Users/enrique/Desktop/fun_repos/pypilibs/vakyume/projects/VacuumTheory/cpp/liquidring.hpp
  Header: /Users/enrique/Desktop/fun_repos/pypilibs/vakyume/projects/VacuumTheory/cpp/precondensors.hpp
  Header: /Users/enrique/Desktop/fun_repos/pypilibs/vakyume/projects/VacuumTheory/cpp/pressmgmt.hpp
  Header: /Users/enrique/Desktop/fun_repos/pypilibs/vakyume/projects/VacuumTheory/cpp/processapp1.hpp
  Header: /Users/enrique/Desktop/fun_repos/pypilibs/vakyume/projects/VacuumTheory/cpp/processapp2.hpp
  Header: /Users/enrique/Desktop/fun_repos/pypilibs/vakyume/projects/VacuumTheory/cpp/rotarypistonvane.hpp
  Header: /Users/enrique/Desktop/fun_repos/pypilibs/vakyume/projects/VacuumTheory/cpp/selectingpump.hpp
  Header: /Users/enrique/Desktop/fun_repos/pypilibs/vakyume/projects/VacuumTheory/cpp/steamjetinjectors.hpp
  Header: /Users/enrique/Desktop/fun_repos/pypilibs/vakyume/projects/VacuumTheory/cpp/vacuumtheory.hpp
C++ main: /Users/enrique/Desktop/fun_repos/pypilibs/vakyume/projects/VacuumTheory/cpp/main.cpp
Compiling...
Compilation SUCCESS. Binary: /Users/enrique/Desktop/fun_repos/pypilibs/vakyume/projects/VacuumTheory/bin/vacuum_theory_binary
Running tests...
Running test suite...
Testing AirLeak_eqn_4_10__T... OK (1 results)
Testing AirLeak_eqn_4_10__V... OK (1 results)
Testing AirLeak_eqn_4_10__del_P... OK (1 results)
Testing AirLeak_eqn_4_10__leakage... OK (1 results)
Testing AirLeak_eqn_4_10__t... OK (1 results)
Testing AirLeak_eqn_4_7__W... OK (1 results)
Testing AirLeak_eqn_4_7__W_T... OK (1 results)
Testing AirLeak_eqn_4_7__sum_individual_leak_rates... OK (1 results)
Testing FluidFlowVacuumLines_eqn_2_1__D... OK (1 results)
Testing FluidFlowVacuumLines_eqn_2_1__Re... OK (1 results)
Testing FluidFlowVacuumLines_eqn_2_1__mu... OK (1 results)
Testing FluidFlowVacuumLines_eqn_2_1__rho... OK (1 results)
Testing FluidFlowVacuumLines_eqn_2_1__v... OK (1 results)
Testing FluidFlowVacuumLines_eqn_2_10__Suc_Pres... OK (1 results)
Testing FluidFlowVacuumLines_eqn_2_10__delta_P... OK (1 results)
Testing FluidFlowVacuumLines_eqn_2_10__oper_press... OK (1 results)
Testing FluidFlowVacuumLines_eqn_2_11__D... OK (1 results)
Testing FluidFlowVacuumLines_eqn_2_11__L... OK (1 results)
Testing FluidFlowVacuumLines_eqn_2_11__f... OK (1 results)
Testing FluidFlowVacuumLines_eqn_2_11__g_c... OK (1 results)
Testing FluidFlowVacuumLines_eqn_2_11__h_r... OK (1 results)
Testing FluidFlowVacuumLines_eqn_2_11__v... OK (2 results)
Testing FluidFlowVacuumLines_eqn_2_12__L... OK (1 results)
Testing FluidFlowVacuumLines_eqn_2_12__d... OK (1 results)
Testing FluidFlowVacuumLines_eqn_2_12__delta_P... OK (1 results)
Testing FluidFlowVacuumLines_eqn_2_12__f... OK (1 results)
Testing FluidFlowVacuumLines_eqn_2_12__g... OK (1 results)
Testing FluidFlowVacuumLines_eqn_2_12__rho... OK (1 results)
Testing FluidFlowVacuumLines_eqn_2_12__v... OK (2 results)
Testing FluidFlowVacuumLines_eqn_2_13__L... OK (1 results)
Testing FluidFlowVacuumLines_eqn_2_13__d... OK (5 results)
Testing FluidFlowVacuumLines_eqn_2_13__delta_P... OK (1 results)
Testing FluidFlowVacuumLines_eqn_2_13__f... OK (1 results)
Testing FluidFlowVacuumLines_eqn_2_13__q... OK (2 results)
Testing FluidFlowVacuumLines_eqn_2_13__rho... OK (1 results)
Testing FluidFlowVacuumLines_eqn_2_14__M... OK (1 results)
Testing FluidFlowVacuumLines_eqn_2_14__R... OK (1 results)
Testing FluidFlowVacuumLines_eqn_2_14__T... OK (1 results)
Testing FluidFlowVacuumLines_eqn_2_14__g_c... OK (1 results)
Testing FluidFlowVacuumLines_eqn_2_14__k... OK (1 results)
Testing FluidFlowVacuumLines_eqn_2_14__v_s... OK (1 results)
Testing FluidFlowVacuumLines_eqn_2_15__Re... OK (1 results)
Testing FluidFlowVacuumLines_eqn_2_15__f... OK (1 results)
Testing FluidFlowVacuumLines_eqn_2_16__Re... OK (1 results)
Testing FluidFlowVacuumLines_eqn_2_16__f... OK (1 results)
Testing FluidFlowVacuumLines_eqn_2_17a__L... OK (1 results)
Testing FluidFlowVacuumLines_eqn_2_17a__d... OK (2 results)
Testing FluidFlowVacuumLines_eqn_2_17a__delta_P... OK (1 results)
Testing FluidFlowVacuumLines_eqn_2_17a__mu... OK (1 results)
Testing FluidFlowVacuumLines_eqn_2_17a__v... OK (1 results)
Testing FluidFlowVacuumLines_eqn_2_17b__L... OK (1 results)
Testing FluidFlowVacuumLines_eqn_2_17b__d... OK (4 results)
Testing FluidFlowVacuumLines_eqn_2_17b__delta_P... OK (1 results)
Testing FluidFlowVacuumLines_eqn_2_17b__mu... OK (1 results)
Testing FluidFlowVacuumLines_eqn_2_17b__q... OK (1 results)
Testing FluidFlowVacuumLines_eqn_2_18a__D_eq... OK (1 results)
Testing FluidFlowVacuumLines_eqn_2_18a__R_ll... OK (1 results)
Testing FluidFlowVacuumLines_eqn_2_18b__R_ll... OK (1 results)
Testing FluidFlowVacuumLines_eqn_2_18b__h... OK (1 results)
Testing FluidFlowVacuumLines_eqn_2_18b__w... OK (1 results)
Testing FluidFlowVacuumLines_eqn_2_19a__R_ll... OK (1 results)
Testing FluidFlowVacuumLines_eqn_2_19a__Re... OK (1 results)
Testing FluidFlowVacuumLines_eqn_2_19a__mu... OK (1 results)
Testing FluidFlowVacuumLines_eqn_2_19a__rho... OK (1 results)
Testing FluidFlowVacuumLines_eqn_2_19a__v... OK (1 results)
Testing FluidFlowVacuumLines_eqn_2_19b__Re... OK (1 results)
Testing FluidFlowVacuumLines_eqn_2_19b__h... OK (1 results)
Testing FluidFlowVacuumLines_eqn_2_19b__mu... OK (1 results)
Testing FluidFlowVacuumLines_eqn_2_19b__rho... OK (1 results)
Testing FluidFlowVacuumLines_eqn_2_19b__v... OK (1 results)
Testing FluidFlowVacuumLines_eqn_2_19b__w... OK (1 results)
Testing FluidFlowVacuumLines_eqn_2_2__delta... OK (2 results)
Testing FluidFlowVacuumLines_eqn_2_2__lambd... OK (1 results)
Testing FluidFlowVacuumLines_eqn_2_2__psi... OK (1 results)
Testing FluidFlowVacuumLines_eqn_2_20__L... OK (1 results)
Testing FluidFlowVacuumLines_eqn_2_20__sum_equivalent_length... OK (1 results)
Testing FluidFlowVacuumLines_eqn_2_20__sum_pipe... OK (1 results)
Testing FluidFlowVacuumLines_eqn_2_22__P_s... OK (1 results)
Testing FluidFlowVacuumLines_eqn_2_22__Q_throughput... OK (1 results)
Testing FluidFlowVacuumLines_eqn_2_22__S_p... OK (1 results)
Testing FluidFlowVacuumLines_eqn_2_25__C... OK (1 results)
Testing FluidFlowVacuumLines_eqn_2_25__P_1... OK (1 results)
Testing FluidFlowVacuumLines_eqn_2_25__P_2... OK (1 results)
Testing FluidFlowVacuumLines_eqn_2_25__Q_throughput... OK (1 results)
Testing FluidFlowVacuumLines_eqn_2_26__D... OK (4 results)
Testing FluidFlowVacuumLines_eqn_2_26__L... OK (1 results)
Testing FluidFlowVacuumLines_eqn_2_26__P_downstream... OK (1 results)
Testing FluidFlowVacuumLines_eqn_2_26__P_p... OK (1 results)
Testing FluidFlowVacuumLines_eqn_2_26__P_upstream... OK (1 results)
Testing FluidFlowVacuumLines_eqn_2_26__mu... OK (1 results)
Testing FluidFlowVacuumLines_eqn_2_26__q... OK (1 results)
Testing FluidFlowVacuumLines_eqn_2_28__C... OK (1 results)
Testing FluidFlowVacuumLines_eqn_2_28__D... OK (4 results)
Testing FluidFlowVacuumLines_eqn_2_28__L... OK (1 results)
Testing FluidFlowVacuumLines_eqn_2_28__P_p... OK (1 results)
Testing FluidFlowVacuumLines_eqn_2_28__mu... OK (1 results)
Testing FluidFlowVacuumLines_eqn_2_29__C... OK (1 results)
Testing FluidFlowVacuumLines_eqn_2_29__S_1... OK (1 results)
Testing FluidFlowVacuumLines_eqn_2_29__S_2... OK (1 results)
Testing FluidFlowVacuumLines_eqn_2_3__D... OK (1 results)
Testing FluidFlowVacuumLines_eqn_2_3__kn... OK (1 results)
Testing FluidFlowVacuumLines_eqn_2_3__lambd... OK (1 results)
Testing FluidFlowVacuumLines_eqn_2_31__C... OK (1 results)
Testing FluidFlowVacuumLines_eqn_2_31__S_p... OK (1 results)
Testing FluidFlowVacuumLines_eqn_2_31__S_pump_speed... OK (1 results)
Testing FluidFlowVacuumLines_eqn_2_32__C_series... OK (1 results)
Testing FluidFlowVacuumLines_eqn_2_32__geometric_sum_C... OK (1 results)
Testing FluidFlowVacuumLines_eqn_2_33__C_paralell... OK (1 results)
Testing FluidFlowVacuumLines_eqn_2_33__arithmetic_sum_C... OK (1 results)
Testing FluidFlowVacuumLines_eqn_2_34__C... OK (1 results)
Testing FluidFlowVacuumLines_eqn_2_34__C_1... OK (1 results)
Testing FluidFlowVacuumLines_eqn_2_34__C_2... OK (1 results)
Testing FluidFlowVacuumLines_eqn_2_34__D... FAIL: FluidFlowVacuumLines_eqn_2_34__D: requires numerical solver (not transpilable)
Testing FluidFlowVacuumLines_eqn_2_34__L... OK (1 results)
Testing FluidFlowVacuumLines_eqn_2_34__P_p... OK (1 results)
Testing FluidFlowVacuumLines_eqn_2_34__mu... OK (1 results)
Testing FluidFlowVacuumLines_eqn_2_35__C_L... OK (1 results)
Testing FluidFlowVacuumLines_eqn_2_35__C_T... OK (1 results)
Testing FluidFlowVacuumLines_eqn_2_35__F_p... OK (1 results)
Testing FluidFlowVacuumLines_eqn_2_36__C... OK (1 results)
Testing FluidFlowVacuumLines_eqn_2_36__C_0... OK (1 results)
Testing FluidFlowVacuumLines_eqn_2_36__F_t... OK (1 results)
Testing FluidFlowVacuumLines_eqn_2_37__A... OK (1 results)
Testing FluidFlowVacuumLines_eqn_2_37__C... OK (1 results)
Testing FluidFlowVacuumLines_eqn_2_37__F_t... OK (1 results)
Testing FluidFlowVacuumLines_eqn_2_37__M... OK (1 results)
Testing FluidFlowVacuumLines_eqn_2_37__T... OK (1 results)
Testing FluidFlowVacuumLines_eqn_2_4___beta... OK (1 results)
Testing FluidFlowVacuumLines_eqn_2_4__mu... OK (1 results)
Testing FluidFlowVacuumLines_eqn_2_4__vel_grad... OK (1 results)
Testing FluidFlowVacuumLines_eqn_2_5__D... OK (4 results)
Testing FluidFlowVacuumLines_eqn_2_5__L... OK (1 results)
Testing FluidFlowVacuumLines_eqn_2_5__delta_P... OK (1 results)
Testing FluidFlowVacuumLines_eqn_2_5__mu... OK (1 results)
Testing FluidFlowVacuumLines_eqn_2_5__q... OK (1 results)
Testing FluidFlowVacuumLines_eqn_2_6__lambd... OK (1 results)
Testing FluidFlowVacuumLines_eqn_2_6__mu... OK (1 results)
Testing FluidFlowVacuumLines_eqn_2_6__rho... OK (1 results)
Testing FluidFlowVacuumLines_eqn_2_6__v_a... OK (1 results)
Testing FluidFlowVacuumLines_eqn_2_7__T... OK (1 results)
Testing FluidFlowVacuumLines_eqn_2_7__k... OK (1 results)
Testing FluidFlowVacuumLines_eqn_2_7__m... OK (1 results)
Testing FluidFlowVacuumLines_eqn_2_7__v_a... OK (1 results)
Testing FluidFlowVacuumLines_eqn_2_8__M... OK (1 results)
Testing FluidFlowVacuumLines_eqn_2_8__P_c... OK (2 results)
Testing FluidFlowVacuumLines_eqn_2_8__T_c... OK (1 results)
Testing FluidFlowVacuumLines_eqn_2_8__mu_c... OK (1 results)
Testing LiquidRing_eqn_10_1__D_r... OK (1 results)
Testing LiquidRing_eqn_10_1__sig_R... OK (1 results)
Testing LiquidRing_eqn_10_1__w... OK (1 results)
Testing LiquidRing_eqn_10_10__bhp... OK (1 results)
Testing LiquidRing_eqn_10_10__bhp_0... OK (1 results)
Testing LiquidRing_eqn_10_10__mu... OK (4 results)
Testing LiquidRing_eqn_10_10__rho... OK (1 results)
Testing LiquidRing_eqn_10_11__T_c... OK (1 results)
Testing LiquidRing_eqn_10_11__T_s... OK (1 results)
Testing LiquidRing_eqn_10_12__T_c... OK (1 results)
Testing LiquidRing_eqn_10_12__T_s... OK (1 results)
Testing LiquidRing_eqn_10_13__T_c... OK (1 results)
Testing LiquidRing_eqn_10_13__T_s... OK (1 results)
Testing LiquidRing_eqn_10_14__T_c... OK (1 results)
Testing LiquidRing_eqn_10_14__T_s... OK (1 results)
Testing LiquidRing_eqn_10_15__P... OK (1 results)
Testing LiquidRing_eqn_10_15__S_Th... OK (1 results)
Testing LiquidRing_eqn_10_15__S_p... OK (1 results)
Testing LiquidRing_eqn_10_15__p_s... OK (1 results)
Testing LiquidRing_eqn_10_16__P... OK (3 results)
Testing LiquidRing_eqn_10_16__S_0... OK (1 results)
Testing LiquidRing_eqn_10_16__S_Th... OK (1 results)
Testing LiquidRing_eqn_10_16__p_0... OK (3 results)
Testing LiquidRing_eqn_10_17__P... OK (3 results)
Testing LiquidRing_eqn_10_17__S_0... OK (1 results)
Testing LiquidRing_eqn_10_17__S_Th... OK (1 results)
Testing LiquidRing_eqn_10_17__p_0... OK (3 results)
Testing LiquidRing_eqn_10_17__p_s... OK (3 results)
Testing LiquidRing_eqn_10_18__P... OK (1 results)
Testing LiquidRing_eqn_10_18__S_Th... OK (1 results)
Testing LiquidRing_eqn_10_18__S_p... OK (1 results)
Testing LiquidRing_eqn_10_18__T_e... OK (1 results)
Testing LiquidRing_eqn_10_18__T_i... OK (1 results)
Testing LiquidRing_eqn_10_18__p_c... OK (1 results)
Testing LiquidRing_eqn_10_18__p_s... OK (1 results)
Testing LiquidRing_eqn_10_19__P... OK (1 results)
Testing LiquidRing_eqn_10_19__S_Th... OK (1 results)
Testing LiquidRing_eqn_10_19__S_p... OK (1 results)
Testing LiquidRing_eqn_10_19__T_e... OK (3 results)
Testing LiquidRing_eqn_10_19__T_i... OK (3 results)
Testing LiquidRing_eqn_10_19__p_c... OK (3 results)
Testing LiquidRing_eqn_10_19__p_s... OK (3 results)
Testing LiquidRing_eqn_10_2__PS... OK (1 results)
Testing LiquidRing_eqn_10_2__Q_gas... OK (1 results)
Testing LiquidRing_eqn_10_2__V... OK (1 results)
Testing LiquidRing_eqn_10_2__dP... OK (1 results)
Testing LiquidRing_eqn_10_2__dt... OK (1 results)
Testing LiquidRing_eqn_10_20__P... FAIL: LiquidRing_eqn_10_20__P: requires numerical solver (not transpilable)
Testing LiquidRing_eqn_10_20__S_0... OK (1 results)
Testing LiquidRing_eqn_10_20__S_p... OK (1 results)
Testing LiquidRing_eqn_10_20__T_e... OK (1 results)
Testing LiquidRing_eqn_10_20__T_i... OK (1 results)
Testing LiquidRing_eqn_10_20__p_0... OK (1 results)
Testing LiquidRing_eqn_10_20__p_c... OK (1 results)
Testing LiquidRing_eqn_10_20__p_s... OK (1 results)
Testing LiquidRing_eqn_10_21__P... OK (1 results)
Testing LiquidRing_eqn_10_21__P_d... OK (1 results)
Testing LiquidRing_eqn_10_21__P_prime... OK (1 results)
Testing LiquidRing_eqn_10_3__N_mfw... OK (1 results)
Testing LiquidRing_eqn_10_3__Q_gas... OK (1 results)
Testing LiquidRing_eqn_10_3__T... OK (1 results)
Testing LiquidRing_eqn_10_4__Q_gas... OK (1 results)
Testing LiquidRing_eqn_10_4__SP_1... OK (1 results)
Testing LiquidRing_eqn_10_4__SP_2... OK (1 results)
Testing LiquidRing_eqn_10_4__S_p... OK (1 results)
Testing LiquidRing_eqn_10_4__V... OK (1 results)
Testing LiquidRing_eqn_10_4__t... OK (1 results)
Testing LiquidRing_eqn_10_5__P_1... OK (1 results)
Testing LiquidRing_eqn_10_5__P_2... OK (1 results)
Testing LiquidRing_eqn_10_5__S_p... OK (1 results)
Testing LiquidRing_eqn_10_5__V... OK (1 results)
Testing LiquidRing_eqn_10_5__t... OK (1 results)
Testing LiquidRing_eqn_10_6__P_1... OK (1 results)
Testing LiquidRing_eqn_10_6__P_2... OK (1 results)
Testing LiquidRing_eqn_10_6__S_a... OK (1 results)
Testing LiquidRing_eqn_10_6__V... OK (1 results)
Testing LiquidRing_eqn_10_6__t... OK (1 results)
Testing LiquidRing_eqn_10_8__bhp... OK (1 results)
Testing LiquidRing_eqn_10_8__c_p... OK (1 results)
Testing LiquidRing_eqn_10_8__delta_T... OK (1 results)
Testing LiquidRing_eqn_10_8__delta_h_i... OK (1 results)
Testing LiquidRing_eqn_10_8__f_a... OK (1 results)
Testing LiquidRing_eqn_10_8__rho... OK (1 results)
Testing LiquidRing_eqn_10_8__w_i... OK (1 results)
Testing LiquidRing_eqn_10_9__T_c... OK (1 results)
Testing LiquidRing_eqn_10_9__T_s... OK (1 results)
Testing LiquidRing_eqn_10_9__delta_T... OK (1 results)
Testing Precondensors_eqn_7_1__P... OK (1 results)
Testing Precondensors_eqn_7_1__p_i... OK (1 results)
Testing Precondensors_eqn_7_1__y_i... OK (1 results)
Testing Precondensors_eqn_7_10__L_c_P... OK (1 results)
Testing Precondensors_eqn_7_10__Q_condensor_heat_duty... OK (1 results)
Testing Precondensors_eqn_7_10__del_T... OK (1 results)
Testing Precondensors_eqn_7_11__Q_condensor_heat_duty... OK (1 results)
Testing Precondensors_eqn_7_11__U_v... OK (1 results)
Testing Precondensors_eqn_7_11__V_c... OK (1 results)
Testing Precondensors_eqn_7_11__del_T_LM... OK (1 results)
Testing Precondensors_eqn_7_12__A... OK (1 results)
Testing Precondensors_eqn_7_12__Q_condensor_heat_duty... OK (1 results)
Testing Precondensors_eqn_7_12__U... OK (1 results)
Testing Precondensors_eqn_7_12__del_T... OK (1 results)
Testing Precondensors_eqn_7_14a__A... OK (1 results)
Testing Precondensors_eqn_7_14a__Q_condensor_heat_duty... OK (1 results)
Testing Precondensors_eqn_7_14a__U... OK (1 results)
Testing Precondensors_eqn_7_14a__del_T_LM... OK (1 results)
Testing Precondensors_eqn_7_14b__A... FAIL: Precondensors_eqn_7_14b__A: requires numerical solver (not transpilable)
Testing Precondensors_eqn_7_14b__Q_condensor_heat_duty... OK (1 results)
Testing Precondensors_eqn_7_14b__U... OK (1 results)
Testing Precondensors_eqn_7_14b__del_T_1... OK (1 results)
Testing Precondensors_eqn_7_14b__del_T_2... OK (1 results)
Testing Precondensors_eqn_7_15__U... OK (1 results)
Testing Precondensors_eqn_7_15__sum_R... OK (1 results)
Testing Precondensors_eqn_7_16__D_0... OK (1 results)
Testing Precondensors_eqn_7_16__D_LM... OK (1 results)
Testing Precondensors_eqn_7_16__D_i... OK (1 results)
Testing Precondensors_eqn_7_16__R_f_0... OK (1 results)
Testing Precondensors_eqn_7_16__R_fi... OK (1 results)
Testing Precondensors_eqn_7_16__U_0... OK (1 results)
Testing Precondensors_eqn_7_16__h_0... OK (1 results)
Testing Precondensors_eqn_7_16__h_i... OK (1 results)
Testing Precondensors_eqn_7_16__k_w... OK (1 results)
Testing Precondensors_eqn_7_16__x_w... OK (1 results)
Testing Precondensors_eqn_7_17__R_0... OK (1 results)
Testing Precondensors_eqn_7_17__R_nc... OK (1 results)
Testing Precondensors_eqn_7_17__h_c... OK (1 results)
Testing Precondensors_eqn_7_18__D_0... OK (1 results)
Testing Precondensors_eqn_7_18__D_LM... OK (1 results)
Testing Precondensors_eqn_7_18__D_i... OK (1 results)
Testing Precondensors_eqn_7_18__R_fi... OK (1 results)
Testing Precondensors_eqn_7_18__R_fo... OK (1 results)
Testing Precondensors_eqn_7_18__R_nc... OK (1 results)
Testing Precondensors_eqn_7_18__U_0... OK (1 results)
Testing Precondensors_eqn_7_18__h_c... OK (1 results)
Testing Precondensors_eqn_7_18__h_i... OK (1 results)
Testing Precondensors_eqn_7_18__k_w... OK (1 results)
Testing Precondensors_eqn_7_18__x_w... OK (1 results)
Testing Precondensors_eqn_7_2__P_i_0... OK (1 results)
Testing Precondensors_eqn_7_2__p_i... OK (1 results)
Testing Precondensors_eqn_7_2__x_i... OK (1 results)
Testing Precondensors_eqn_7_3__P_i_0... OK (1 results)
Testing Precondensors_eqn_7_3__epsilon_i... OK (1 results)
Testing Precondensors_eqn_7_3__p_i... OK (1 results)
Testing Precondensors_eqn_7_3__x_i... OK (1 results)
Testing Precondensors_eqn_7_4a__P... OK (1 results)
Testing Precondensors_eqn_7_4a__p_c... OK (1 results)
Testing Precondensors_eqn_7_4a__p_nc... OK (1 results)
Testing Precondensors_eqn_7_4aa__n_i... OK (1 results)
Testing Precondensors_eqn_7_4aa__n_nc... OK (1 results)
Testing Precondensors_eqn_7_4aa__p_i... OK (1 results)
Testing Precondensors_eqn_7_4aa__p_nc... OK (1 results)
Testing Precondensors_eqn_7_4ab__P_c... OK (1 results)
Testing Precondensors_eqn_7_4ab__p... OK (1 results)
Testing Precondensors_eqn_7_4ab__p_i... OK (1 results)
Testing Precondensors_eqn_7_4ab__p_nc... OK (1 results)
Testing Precondensors_eqn_7_4ac__P_c... OK (1 results)
Testing Precondensors_eqn_7_4ac__n_i... OK (1 results)
Testing Precondensors_eqn_7_4ac__n_nc... OK (1 results)
Testing Precondensors_eqn_7_4ac__p... OK (1 results)
Testing Precondensors_eqn_7_4ac__p_i... OK (1 results)
Testing Precondensors_eqn_7_5__N_i... OK (1 results)
Testing Precondensors_eqn_7_5__N_nc... OK (1 results)
Testing Precondensors_eqn_7_5__P... OK (1 results)
Testing Precondensors_eqn_7_5__P_c... OK (1 results)
Testing Precondensors_eqn_7_5__p_i... OK (1 results)
Testing Precondensors_eqn_7_6__M... OK (1 results)
Testing Precondensors_eqn_7_6__P... OK (1 results)
Testing Precondensors_eqn_7_6__P_i_0... OK (1 results)
Testing Precondensors_eqn_7_6__W_air... OK (1 results)
Testing Precondensors_eqn_7_6__W_i... OK (1 results)
Testing Precondensors_eqn_7_6__p_c... OK (1 results)
Testing Precondensors_eqn_7_6__x_i... OK (1 results)
Testing Precondensors_eqn_7_7__M... OK (1 results)
Testing Precondensors_eqn_7_7__P... OK (1 results)
Testing Precondensors_eqn_7_7__P_i_0... OK (1 results)
Testing Precondensors_eqn_7_7__W_air... OK (1 results)
Testing Precondensors_eqn_7_7__W_i... OK (1 results)
Testing Precondensors_eqn_7_7__epsilon_i... OK (1 results)
Testing Precondensors_eqn_7_7__p_c... OK (1 results)
Testing Precondensors_eqn_7_7__x_i... OK (1 results)
Testing Precondensors_eqn_7_8__L_c... OK (1 results)
Testing Precondensors_eqn_7_8__Q_condensor_heat_duty... OK (1 results)
Testing Precondensors_eqn_7_8__c_p... OK (1 results)
Testing Precondensors_eqn_7_8__del_T... OK (1 results)
Testing Precondensors_eqn_7_9__L_c... OK (1 results)
Testing Precondensors_eqn_7_9__Q_condensor_heat_duty... OK (1 results)
Testing Precondensors_eqn_7_9__c_p... OK (1 results)
Testing Precondensors_eqn_7_9__del_T... OK (1 results)
Testing Precondensors_eqn_7_9__rho... OK (1 results)
Testing PressMgmt_eqn_3_1__Abs_Pressure... OK (1 results)
Testing PressMgmt_eqn_3_1__BarometricPressure... OK (1 results)
Testing PressMgmt_eqn_3_1__Vacuum... OK (1 results)
Testing PressMgmt_eqn_3_11__A_C... OK (1 results)
Testing PressMgmt_eqn_3_11__H_2... OK (2 results)
Testing PressMgmt_eqn_3_11__P... OK (1 results)
Testing PressMgmt_eqn_3_11__V... OK (1 results)
Testing PressMgmt_eqn_3_12__H_2... OK (2 results)
Testing PressMgmt_eqn_3_12__KAPPA_1... OK (1 results)
Testing PressMgmt_eqn_3_12__P... OK (1 results)
Testing PressMgmt_eqn_3_13__H_1... OK (1 results)
Testing PressMgmt_eqn_3_13__H_2... OK (1 results)
Testing PressMgmt_eqn_3_13__KAPPA_2... OK (1 results)
Testing PressMgmt_eqn_3_13__P... OK (1 results)
Testing PressMgmt_eqn_3_15__V_PMIN... OK (1 results)
Testing PressMgmt_eqn_3_16__V_div_V_P_MAX... OK (1 results)
Testing PressMgmt_eqn_3_17__P_MIN... OK (1 results)
Testing PressMgmt_eqn_3_2__G... OK (1 results)
Testing PressMgmt_eqn_3_2__G_C... OK (1 results)
Testing PressMgmt_eqn_3_2__H... OK (1 results)
Testing PressMgmt_eqn_3_2__P... OK (1 results)
Testing PressMgmt_eqn_3_2__rho... OK (1 results)
Testing PressMgmt_eqn_3_3__H_1... OK (1 results)
Testing PressMgmt_eqn_3_3__H_2... OK (1 results)
Testing PressMgmt_eqn_3_3__P... OK (1 results)
Testing PressMgmt_eqn_3_3__P_P... OK (1 results)
Testing PressMgmt_eqn_3_4__KAPPA... OK (1 results)
Testing PressMgmt_eqn_3_4__P... OK (1 results)
Testing PressMgmt_eqn_3_4__V... OK (1 results)
Testing PressMgmt_eqn_3_5__P... OK (1 results)
Testing PressMgmt_eqn_3_5__P_P... OK (1 results)
Testing PressMgmt_eqn_3_5__V... OK (1 results)
Testing PressMgmt_eqn_3_5__V_P... OK (1 results)
Testing PressMgmt_eqn_3_6__H_1... OK (1 results)
Testing PressMgmt_eqn_3_6__H_2... OK (1 results)
Testing PressMgmt_eqn_3_6__P... OK (1 results)
Testing PressMgmt_eqn_3_6__V... OK (1 results)
Testing PressMgmt_eqn_3_6__V_P... OK (1 results)
Testing PressMgmt_eqn_3_8__A_C... OK (1 results)
Testing PressMgmt_eqn_3_8__H_2... OK (1 results)
Testing PressMgmt_eqn_3_8__V_P... OK (1 results)
Testing PressMgmt_eqn_3_9__A_C... OK (1 results)
Testing PressMgmt_eqn_3_9__H_1... OK (1 results)
Testing PressMgmt_eqn_3_9__H_2... OK (2 results)
Testing PressMgmt_eqn_3_9__P... OK (1 results)
Testing PressMgmt_eqn_3_9__V... OK (1 results)
Testing ProcessApp1_eqn_5_1__K_i... OK (1 results)
Testing ProcessApp1_eqn_5_1__x_i... OK (1 results)
Testing ProcessApp1_eqn_5_1__y_i... OK (1 results)
Testing ProcessApp1_eqn_5_10a__D... OK (1 results)
Testing ProcessApp1_eqn_5_10a__L_0... OK (2 results)
Testing ProcessApp1_eqn_5_10a__V_1... OK (1 results)
Testing ProcessApp1_eqn_5_10b__L_0... OK (1 results)
Testing ProcessApp1_eqn_5_10b__R... OK (1 results)
Testing ProcessApp1_eqn_5_10b__V_1... OK (1 results)
Testing ProcessApp1_eqn_5_10c__D... OK (1 results)
Testing ProcessApp1_eqn_5_10c__L_0... OK (1 results)
Testing ProcessApp1_eqn_5_10c__R... OK (1 results)
Testing ProcessApp1_eqn_5_11__B... OK (1 results)
Testing ProcessApp1_eqn_5_11__L_N... OK (1 results)
Testing ProcessApp1_eqn_5_11__V_0... OK (1 results)
Testing ProcessApp1_eqn_5_12__Eff... OK (1 results)
Testing ProcessApp1_eqn_5_12__N_ES... OK (1 results)
Testing ProcessApp1_eqn_5_12__N_t... OK (1 results)
Testing ProcessApp1_eqn_5_12__T... OK (1 results)
Testing ProcessApp1_eqn_5_13__HETP... OK (1 results)
Testing ProcessApp1_eqn_5_13__H_p... OK (1 results)
Testing ProcessApp1_eqn_5_13__N_ES... OK (1 results)
Testing ProcessApp1_eqn_5_14__M... OK (1 results)
Testing ProcessApp1_eqn_5_14__P_0... OK (1 results)
Testing ProcessApp1_eqn_5_14__T... OK (1 results)
Testing ProcessApp1_eqn_5_14__W_E... OK (1 results)
Testing ProcessApp1_eqn_5_15__M_1... OK (2 results)
Testing ProcessApp1_eqn_5_15__M_2... OK (2 results)
Testing ProcessApp1_eqn_5_15__P_0_1... OK (1 results)
Testing ProcessApp1_eqn_5_15__P_0_2... OK (1 results)
Testing ProcessApp1_eqn_5_15__a_M_12... OK (1 results)
Testing ProcessApp1_eqn_5_16__H_i... OK (1 results)
Testing ProcessApp1_eqn_5_16__p_i... OK (1 results)
Testing ProcessApp1_eqn_5_16__x_i... OK (1 results)
Testing ProcessApp1_eqn_5_17__H_2_1... OK (1 results)
Testing ProcessApp1_eqn_5_17__H_2_3... OK (1 results)
Testing ProcessApp1_eqn_5_17__H_2_mi... OK (1 results)
Testing ProcessApp1_eqn_5_17__x_1... OK (1 results)
Testing ProcessApp1_eqn_5_17__x_3... OK (1 results)
Testing ProcessApp1_eqn_5_2a__K_1... OK (1 results)
Testing ProcessApp1_eqn_5_2a__K_2... OK (1 results)
Testing ProcessApp1_eqn_5_2a__alpha_1_2... OK (1 results)
Testing ProcessApp1_eqn_5_2b__K_1... OK (1 results)
Testing ProcessApp1_eqn_5_2b__K_2... OK (1 results)
Testing ProcessApp1_eqn_5_2b__x_1... OK (1 results)
Testing ProcessApp1_eqn_5_2b__x_2... OK (1 results)
Testing ProcessApp1_eqn_5_2b__y_1... OK (1 results)
Testing ProcessApp1_eqn_5_2b__y_2... OK (1 results)
Testing ProcessApp1_eqn_5_3__P_0_i... OK (1 results)
Testing ProcessApp1_eqn_5_3__p_i... OK (1 results)
Testing ProcessApp1_eqn_5_3__x_i... OK (1 results)
Testing ProcessApp1_eqn_5_4__P... OK (1 results)
Testing ProcessApp1_eqn_5_4__P_0_i... OK (1 results)
Testing ProcessApp1_eqn_5_4__x_i... OK (1 results)
Testing ProcessApp1_eqn_5_4__y_i... OK (1 results)
Testing ProcessApp1_eqn_5_5__P_0_1... OK (1 results)
Testing ProcessApp1_eqn_5_5__P_0_2... OK (1 results)
Testing ProcessApp1_eqn_5_5__alpha_12... OK (1 results)
Testing ProcessApp1_eqn_5_6__P_0_i... OK (1 results)
Testing ProcessApp1_eqn_5_6__gamma_i... OK (1 results)
Testing ProcessApp1_eqn_5_6__p_i... OK (1 results)
Testing ProcessApp1_eqn_5_6__x_i... OK (1 results)
Testing ProcessApp1_eqn_5_7__P... OK (1 results)
Testing ProcessApp1_eqn_5_7__P_0_i... OK (1 results)
Testing ProcessApp1_eqn_5_7__gamma_i... OK (1 results)
Testing ProcessApp1_eqn_5_7__x_i... OK (1 results)
Testing ProcessApp1_eqn_5_7__y_i... OK (1 results)
Testing ProcessApp1_eqn_5_8__P_0_1... OK (1 results)
Testing ProcessApp1_eqn_5_8__P_0_2... OK (1 results)
Testing ProcessApp1_eqn_5_8__alpha_12... OK (1 results)
Testing ProcessApp1_eqn_5_8__gamma_1... OK (1 results)
Testing ProcessApp1_eqn_5_8__gamma_2... OK (1 results)
Testing ProcessApp1_eqn_5_9__D... OK (1 results)
Testing ProcessApp1_eqn_5_9__L_0... OK (2 results)
Testing ProcessApp1_eqn_5_9__V_1... OK (1 results)
Testing ProcessApp2_eqn_6_1__T_1... OK (1 results)
Testing ProcessApp2_eqn_6_1__T_2... OK (1 results)
Testing ProcessApp2_eqn_6_1__T_R... OK (1 results)
Testing ProcessApp2_eqn_6_1__c_p... OK (1 results)
Testing ProcessApp2_eqn_6_1__del_h_v... OK (1 results)
Testing ProcessApp2_eqn_6_1__w_1... OK (1 results)
Testing ProcessApp2_eqn_6_1__w_2... OK (1 results)
Testing ProcessApp2_eqn_6_1__w_v... OK (1 results)
Testing ProcessApp2_eqn_6_10__A... OK (1 results)
Testing ProcessApp2_eqn_6_10__dV_dt... OK (1 results)
Testing ProcessApp2_eqn_6_10__delta_P... OK (1 results)
Testing ProcessApp2_eqn_6_10__mu... OK (1 results)
Testing ProcessApp2_eqn_6_10__r_c... OK (1 results)
Testing ProcessApp2_eqn_6_10__s... OK (1 results)
Testing ProcessApp2_eqn_6_10__tau... OK (1 results)
Testing ProcessApp2_eqn_6_11a__A_d... OK (1 results)
Testing ProcessApp2_eqn_6_11a__delta_T... OK (1 results)
Testing ProcessApp2_eqn_6_11a__delta_h_i... OK (1 results)
Testing ProcessApp2_eqn_6_11a__delta_m... OK (1 results)
Testing ProcessApp2_eqn_6_11a__h_d... OK (1 results)
Testing ProcessApp2_eqn_6_11a__m_b... OK (1 results)
Testing ProcessApp2_eqn_6_11a__t_R... OK (1 results)
Testing ProcessApp2_eqn_6_2__Q_v... OK (1 results)
Testing ProcessApp2_eqn_6_2__T_1... OK (1 results)
Testing ProcessApp2_eqn_6_2__T_2... OK (1 results)
Testing ProcessApp2_eqn_6_2__T_R... OK (1 results)
Testing ProcessApp2_eqn_6_2__c_p... OK (1 results)
Testing ProcessApp2_eqn_6_2__w_1... OK (1 results)
Testing ProcessApp2_eqn_6_2__w_2... OK (1 results)
Testing ProcessApp2_eqn_6_4__Q_v... OK (1 results)
Testing ProcessApp2_eqn_6_4__delta_h_v... OK (1 results)
Testing ProcessApp2_eqn_6_4__w_v... OK (1 results)
Testing ProcessApp2_eqn_6_7__C_1... OK (1 results)
Testing ProcessApp2_eqn_6_7__C_2... OK (1 results)
Testing ProcessApp2_eqn_6_7__T_1... OK (1 results)
Testing ProcessApp2_eqn_6_7__T_2... OK (1 results)
Testing ProcessApp2_eqn_6_7__c_p... OK (1 results)
Testing ProcessApp2_eqn_6_7__delta_h_c... OK (1 results)
Testing ProcessApp2_eqn_6_7__delta_h_v... OK (1 results)
Testing ProcessApp2_eqn_6_7__m_b... OK (1 results)
Testing ProcessApp2_eqn_6_7__m_v... OK (1 results)
Testing ProcessApp2_eqn_6_8__C_1... OK (1 results)
Testing ProcessApp2_eqn_6_8__C_2... OK (1 results)
Testing ProcessApp2_eqn_6_8__T_1... OK (1 results)
Testing ProcessApp2_eqn_6_8__T_2... OK (1 results)
Testing ProcessApp2_eqn_6_8__c_p... OK (1 results)
Testing ProcessApp2_eqn_6_8__delta_h_c... OK (1 results)
Testing ProcessApp2_eqn_6_8__delta_h_v... OK (1 results)
Testing ProcessApp2_eqn_6_8__delta_t... OK (1 results)
Testing ProcessApp2_eqn_6_8__m_b... OK (1 results)
Testing ProcessApp2_eqn_6_8__w_v... OK (1 results)
Testing ProcessApp2_eqn_6_9__A... OK (2 results)
Testing ProcessApp2_eqn_6_9__dV_dt... OK (1 results)
Testing ProcessApp2_eqn_6_9__delta_P... OK (1 results)
Testing ProcessApp2_eqn_6_9__m... OK (1 results)
Testing ProcessApp2_eqn_6_9__mu... OK (1 results)
Testing ProcessApp2_eqn_6_9__r... OK (1 results)
Testing ProcessApp2_eqn_6_9__r_M... OK (1 results)
Testing RotaryPistonVane_eqn_11_1__PS... OK (1 results)
Testing RotaryPistonVane_eqn_11_1__Q_0... OK (1 results)
Testing RotaryPistonVane_eqn_11_1__Q_external_gas_throughput... OK (1 results)
Testing RotaryPistonVane_eqn_11_1__V... OK (1 results)
Testing RotaryPistonVane_eqn_11_1__dP... OK (1 results)
Testing RotaryPistonVane_eqn_11_1__dT... OK (1 results)
Testing RotaryPistonVane_eqn_11_2__Q... OK (1 results)
Testing RotaryPistonVane_eqn_11_2__Q_0... OK (1 results)
Testing RotaryPistonVane_eqn_11_2__Q_external_gas_throughput... OK (1 results)
Testing RotaryPistonVane_eqn_11_2__SP_1... OK (1 results)
Testing RotaryPistonVane_eqn_11_2__SP_2... OK (1 results)
Testing RotaryPistonVane_eqn_11_2__S_vol_pump_speed... OK (1 results)
Testing RotaryPistonVane_eqn_11_2__V... OK (1 results)
Testing RotaryPistonVane_eqn_11_2__t... OK (1 results)
Testing RotaryPistonVane_eqn_11_3__F_s... OK (1 results)
Testing RotaryPistonVane_eqn_11_3__t... OK (1 results)
Testing RotaryPistonVane_eqn_11_3__t_c... OK (1 results)
Testing RotaryPistonVane_eqn_11_4__p_g... OK (1 results)
Testing RotaryPistonVane_eqn_11_4__p_s... OK (1 results)
Testing RotaryPistonVane_eqn_11_4__p_v... OK (2 results)
Testing RotaryPistonVane_eqn_11_5__P_0_v... OK (1 results)
Testing RotaryPistonVane_eqn_11_5__P_D... OK (1 results)
Testing RotaryPistonVane_eqn_11_5__p_g... OK (1 results)
Testing RotaryPistonVane_eqn_11_5__p_v_max... OK (1 results)
Testing RotaryPistonVane_eqn_11_6__P_0_V... OK (1 results)
Testing RotaryPistonVane_eqn_11_6__P_D... OK (1 results)
Testing RotaryPistonVane_eqn_11_6__P_v_0... OK (1 results)
Testing RotaryPistonVane_eqn_11_6__S_B... OK (1 results)
Testing RotaryPistonVane_eqn_11_6__S_D... OK (1 results)
Testing RotaryPistonVane_eqn_11_6__p_b... OK (1 results)
Testing RotaryPistonVane_eqn_11_6__p_g... OK (1 results)
Testing RotaryPistonVane_eqn_11_6__p_v_max... OK (1 results)
Testing SelectingPump_eqn_8_1__NC... OK (1 results)
Testing SelectingPump_eqn_8_1__NS... OK (1 results)
Testing SelectingPump_eqn_8_1__SCON... OK (1 results)
Testing SelectingPump_eqn_8_1__installation_cost... OK (1 results)
Testing SelectingPump_eqn_8_2__hp... OK (1 results)
Testing SelectingPump_eqn_8_2__installed_costs... OK (1 results)
Testing SelectingPump_eqn_8_3__hp... FAIL: SelectingPump_eqn_8_3__hp: requires numerical solver (not transpilable)
Testing SelectingPump_eqn_8_3__installed_costs... OK (1 results)
Testing SelectingPump_eqn_8_4__hp... OK (2 results)
Testing SelectingPump_eqn_8_4__installed_costs... OK (1 results)
Testing SelectingPump_eqn_8_5__Eff... OK (1 results)
Testing SelectingPump_eqn_8_5__actual_brake_horsepower... OK (1 results)
Testing SelectingPump_eqn_8_5__theoretical_adiabatic_horsepower... OK (1 results)
Testing SelectingPump_eqn_8_6__M... OK (1 results)
Testing SelectingPump_eqn_8_6__P_1... OK (1 results)
Testing SelectingPump_eqn_8_6__P_2... OK (1 results)
Testing SelectingPump_eqn_8_6__R... OK (1 results)
Testing SelectingPump_eqn_8_6__T... OK (1 results)
Testing SelectingPump_eqn_8_6__adiabatic_hp... OK (1 results)
Testing SelectingPump_eqn_8_6__k... FAIL: SelectingPump_eqn_8_6__k: requires numerical solver (not transpilable)
Testing SelectingPump_eqn_8_6__w... OK (1 results)
Testing SelectingPump_eqn_8_7__P_1... OK (1 results)
Testing SelectingPump_eqn_8_7__P_2... OK (1 results)
Testing SelectingPump_eqn_8_7__adiabatic_hp... OK (1 results)
Testing SelectingPump_eqn_8_7__w... OK (1 results)
Testing SelectingPump_eqn_8_8__P_1... OK (1 results)
Testing SelectingPump_eqn_8_8__P_2... OK (1 results)
Testing SelectingPump_eqn_8_8__adiabatic_power_watts... OK (1 results)
Testing SelectingPump_eqn_8_8__f... OK (1 results)
Testing SelectingPump_eqn_8_9__E_j... OK (1 results)
Testing SelectingPump_eqn_8_9__E_m... OK (1 results)
Testing SelectingPump_eqn_8_9__e... OK (1 results)
Testing SelectingPump_eqn_8_9__r... OK (1 results)
Testing SelectingPump_eqn_8_9__s... OK (1 results)
Testing SteamJetInjectors_eqn_9_1__A... OK (1 results)
Testing SteamJetInjectors_eqn_9_1__rho_s... OK (1 results)
Testing SteamJetInjectors_eqn_9_1__v... OK (1 results)
Testing SteamJetInjectors_eqn_9_1__w_s... OK (1 results)
Testing SteamJetInjectors_eqn_9_2__P_m... OK (1 results)
Testing SteamJetInjectors_eqn_9_2__d_n... OK (2 results)
Testing SteamJetInjectors_eqn_9_2__rho_s... OK (1 results)
Testing SteamJetInjectors_eqn_9_2__w_s... OK (1 results)
Testing SteamJetInjectors_eqn_9_3__P_s... OK (1 results)
Testing SteamJetInjectors_eqn_9_3__V... OK (1 results)
Testing SteamJetInjectors_eqn_9_3__t_e... OK (1 results)
Testing SteamJetInjectors_eqn_9_3__w_j... OK (1 results)
Testing SteamJetInjectors_eqn_9_4__AEL... OK (1 results)
Testing SteamJetInjectors_eqn_9_4__SC... OK (1 results)
Testing SteamJetInjectors_eqn_9_4__r... OK (1 results)
Testing SteamJetInjectors_eqn_9_4__w_s... OK (1 results)
Testing SteamJetInjectors_eqn_9_5__V... OK (1 results)
Testing SteamJetInjectors_eqn_9_5__r_h... OK (1 results)
Testing SteamJetInjectors_eqn_9_5__t_h... OK (1 results)
Testing SteamJetInjectors_eqn_9_5__w_h... OK (1 results)
Testing VacuumTheory_eqn_1_10__P_1... OK (1 results)
Testing VacuumTheory_eqn_1_10__P_2... OK (1 results)
Testing VacuumTheory_eqn_1_10__T_1... OK (1 results)
Testing VacuumTheory_eqn_1_10__T_2... OK (1 results)
Testing VacuumTheory_eqn_1_10__V_1... OK (1 results)
Testing VacuumTheory_eqn_1_10__V_2... OK (1 results)
Testing VacuumTheory_eqn_1_11__M... OK (1 results)
Testing VacuumTheory_eqn_1_11__P... OK (1 results)
Testing VacuumTheory_eqn_1_11__T... OK (1 results)
Testing VacuumTheory_eqn_1_11__W... OK (1 results)
Testing VacuumTheory_eqn_1_11__q... OK (1 results)
Testing VacuumTheory_eqn_1_12__Total_P... OK (1 results)
Testing VacuumTheory_eqn_1_12__sum_partial_pressures... OK (1 results)
Testing VacuumTheory_eqn_1_13a__n... OK (1 results)
Testing VacuumTheory_eqn_1_13a__n_a... OK (1 results)
Testing VacuumTheory_eqn_1_13a__y_a... OK (1 results)
Testing VacuumTheory_eqn_1_13b__P... OK (1 results)
Testing VacuumTheory_eqn_1_13b__p_a... OK (1 results)
Testing VacuumTheory_eqn_1_13b__y_a... OK (1 results)
Testing VacuumTheory_eqn_1_3__T... OK (1 results)
Testing VacuumTheory_eqn_1_3__k... OK (1 results)
Testing VacuumTheory_eqn_1_3__m... OK (1 results)
Testing VacuumTheory_eqn_1_3__v... OK (2 results)
Testing VacuumTheory_eqn_1_7__R... OK (1 results)
Testing VacuumTheory_eqn_1_7__T... OK (1 results)
Testing VacuumTheory_eqn_1_7__V... OK (1 results)
Testing VacuumTheory_eqn_1_7__n... OK (1 results)
Testing VacuumTheory_eqn_1_7__p... OK (1 results)
Testing VacuumTheory_eqn_1_8__M... OK (1 results)
Testing VacuumTheory_eqn_1_8__P... OK (1 results)
Testing VacuumTheory_eqn_1_8__R... OK (1 results)
Testing VacuumTheory_eqn_1_8__T... OK (1 results)
Testing VacuumTheory_eqn_1_8__V... OK (1 results)
Testing VacuumTheory_eqn_1_8__m... OK (1 results)
Testing VacuumTheory_eqn_1_9__M... OK (1 results)
Testing VacuumTheory_eqn_1_9__P... OK (1 results)
Testing VacuumTheory_eqn_1_9__R... OK (1 results)
Testing VacuumTheory_eqn_1_9__T... OK (1 results)
Testing VacuumTheory_eqn_1_9__rho... OK (1 results)

634 passed, 5 failed.

Tests exited with code 1
